../Core/Src/LumenProtocol.c:179:10:lumen_write	40	static
../Core/Src/LumenProtocol.c:303:10:lumen_write_variable_list	40	static
../Core/Src/LumenProtocol.c:449:10:lumen_write_packet	24	static
../Core/Src/LumenProtocol.c:527:6:ParsePayload	4	static
../Core/Src/LumenProtocol.c:566:6:Pack	16	static
../Core/Src/LumenProtocol.c:618:10:lumen_available	8	static
../Core/Src/LumenProtocol.c:686:17:lumen_get_first_packet	16	static
../Core/Src/LumenProtocol.c:703:6:lumen_request	16	static
../Core/Src/LumenProtocol.c:790:6:lumen_read	24	static
../Core/Src/LumenProtocol.c:853:13:lumen_project_update_word_checker	16	static
../Core/Src/LumenProtocol.c:870:20:lumen_project_update_calculate_crc	16	static
../Core/Src/LumenProtocol.c:898:13:lumen_project_update_start	8	static
../Core/Src/LumenProtocol.c:922:6:lumen_project_update_send_data	16	static
../Core/Src/LumenProtocol.c:1041:6:lumen_project_update_tick	16	static
../Core/Src/LumenProtocol.c:1045:6:lumen_project_update_finish	8	static
