../Core/Src/main.c:113:6:UART_StartReception	8	static
../Core/Src/main.c:118:6:HAL_UART_RxCpltCallback	24	static
../Core/Src/main.c:134:6:lumen_write_bytes	16	static
../Core/Src/main.c:138:10:lumen_get_byte	16	static
../Core/Src/main.c:151:5:_write	24	static
../Core/Src/main.c:164:5:main	8	static
../Core/Src/main.c:261:6:SystemClock_Config	88	static
../Core/Src/main.c:316:13:MX_SPI1_Init	8	static
../Core/Src/main.c:354:13:MX_USART2_UART_Init	8	static
../Core/Src/main.c:387:13:MX_USART6_UART_Init	8	static
../Core/Src/main.c:417:13:MX_DMA_Init	16	static
../Core/Src/main.c:438:13:MX_GPIO_Init	48	static
../Core/Src/main.c:487:6:StartEnernetTask	16	static
../Core/Src/main.c:507:6:StartUartTransmitTask	16	static
../Core/Src/main.c:526:6:printWaveformTask	16	static
../Core/Src/main.c:546:6:HAL_TIM_PeriodElapsedCallback	16	static
../Core/Src/main.c:564:6:Error_Handler	4	static,ignoring_inline_asm
