../App/ADE9000/Src/ADE9000API.c:4:6:ADE9000API_ReadActivePowerRegsValues	16	static
../App/ADE9000/Src/ADE9000API.c:15:6:ADE9000API_ReadReactivePowerRegsValues	16	static
../App/ADE9000/Src/ADE9000API.c:26:6:ADE9000API_ReadApparentPowerRegsValues	16	static
../App/ADE9000/Src/ADE9000API.c:37:6:ADE9000API_ReadActiveEnergyRegsValues	16	static
../App/ADE9000/Src/ADE9000API.c:48:6:ADE9000API_ReadReactiveEnergyRegsValues	16	static
../App/ADE9000/Src/ADE9000API.c:60:6:ADE9000API_ReadApparentEnergyRegsValues	16	static
../App/ADE9000/Src/ADE9000API.c:71:6:ADE9000API_ReadVoltageRMSRegsValues	16	static
../App/ADE9000/Src/ADE9000API.c:82:6:ADE9000API_ReadCurrentRMSRegsValues	16	static
../App/ADE9000/Src/ADE9000API.c:95:6:ADE9000API_ReadFundActivePowerRegsValues	16	static
../App/ADE9000/Src/ADE9000API.c:106:6:ADE9000API_ReadFundReactivePowerRegsValues	16	static
../App/ADE9000/Src/ADE9000API.c:117:6:ADE9000API_ReadFundApparentPowerRegsValues	16	static
../App/ADE9000/Src/ADE9000API.c:128:6:ADE9000API_ReadFundActiveEnergyRegsValues	16	static
../App/ADE9000/Src/ADE9000API.c:139:6:ADE9000API_ReadFundReactiveEnergyRegsValues	16	static
../App/ADE9000/Src/ADE9000API.c:150:6:ADE9000API_ReadFundApparentEnergyRegsValues	16	static
../App/ADE9000/Src/ADE9000API.c:161:6:ADE9000API_ReadFundVoltageRMSRegsValues	16	static
../App/ADE9000/Src/ADE9000API.c:172:6:ADE9000API_ReadFundCurrentRMSRegsValues	16	static
../App/ADE9000/Src/ADE9000API.c:183:6:ADE9000API_ReadHalfVoltageRMSRegsValues	16	static
../App/ADE9000/Src/ADE9000API.c:194:6:ADE9000API_ReadHalfCurrentRMSRegsValues	16	static
../App/ADE9000/Src/ADE9000API.c:207:6:ADE9000API_ReadTen12VoltageRMSRegsValues	16	static
../App/ADE9000/Src/ADE9000API.c:218:6:ADE9000API_ReadTen12CurrentRMSRegsValues	16	static
../App/ADE9000/Src/ADE9000API.c:231:6:ADE9000API_ReadVoltageTHDRegsnValues	16	static
../App/ADE9000/Src/ADE9000API.c:244:6:ADE9000API_ReadCurrentTHDRegsnValues	16	static
../App/ADE9000/Src/ADE9000API.c:257:6:ADE9000API_ReadPowerFactorRegsnValues	16	static
../App/ADE9000/Src/ADE9000API.c:270:6:ADE9000API_ReadPeriodRegsnValues	16	static
../App/ADE9000/Src/ADE9000API.c:283:6:ADE9000API_ReadAngleRegsnValues	24	static
../App/ADE9000/Src/ADE9000API.c:326:6:ADE9000API_ReadPowerQuality	184	static
