Archive member included to satisfy reference by file (symbol)

C:/ST/STM32CubeIDE_1.19.0/STM32CubeIDE/plugins/com.st.stm32cube.ide.mcu.externaltools.gnu-tools-for-stm32.13.3.rel1.win32_1.0.0.202411081344/tools/bin/../lib/gcc/arm-none-eabi/13.3.1/../../../../arm-none-eabi/lib/thumb/v7e-m+fp/hard\libc_nano.a(libc_a-exit.o)
                              C:/ST/STM32CubeIDE_1.19.0/STM32CubeIDE/plugins/com.st.stm32cube.ide.mcu.externaltools.gnu-tools-for-stm32.13.3.rel1.win32_1.0.0.202411081344/tools/bin/../lib/gcc/arm-none-eabi/13.3.1/../../../../arm-none-eabi/lib/thumb/v7e-m+fp/hard/crt0.o (exit)
C:/ST/STM32CubeIDE_1.19.0/STM32CubeIDE/plugins/com.st.stm32cube.ide.mcu.externaltools.gnu-tools-for-stm32.13.3.rel1.win32_1.0.0.202411081344/tools/bin/../lib/gcc/arm-none-eabi/13.3.1/../../../../arm-none-eabi/lib/thumb/v7e-m+fp/hard\libc_nano.a(libc_a-nano-vfprintf_float.o)
                              (_printf_float)
C:/ST/STM32CubeIDE_1.19.0/STM32CubeIDE/plugins/com.st.stm32cube.ide.mcu.externaltools.gnu-tools-for-stm32.13.3.rel1.win32_1.0.0.202411081344/tools/bin/../lib/gcc/arm-none-eabi/13.3.1/../../../../arm-none-eabi/lib/thumb/v7e-m+fp/hard\libc_nano.a(libc_a-nano-vfprintf_i.o)
                              C:/ST/STM32CubeIDE_1.19.0/STM32CubeIDE/plugins/com.st.stm32cube.ide.mcu.externaltools.gnu-tools-for-stm32.13.3.rel1.win32_1.0.0.202411081344/tools/bin/../lib/gcc/arm-none-eabi/13.3.1/../../../../arm-none-eabi/lib/thumb/v7e-m+fp/hard\libc_nano.a(libc_a-nano-vfprintf_float.o) (_printf_common)
C:/ST/STM32CubeIDE_1.19.0/STM32CubeIDE/plugins/com.st.stm32cube.ide.mcu.externaltools.gnu-tools-for-stm32.13.3.rel1.win32_1.0.0.202411081344/tools/bin/../lib/gcc/arm-none-eabi/13.3.1/../../../../arm-none-eabi/lib/thumb/v7e-m+fp/hard\libc_nano.a(libc_a-findfp.o)
                              ./Middlewares/Third_Party/FreeRTOS/Source/tasks.o (__sf)
C:/ST/STM32CubeIDE_1.19.0/STM32CubeIDE/plugins/com.st.stm32cube.ide.mcu.externaltools.gnu-tools-for-stm32.13.3.rel1.win32_1.0.0.202411081344/tools/bin/../lib/gcc/arm-none-eabi/13.3.1/../../../../arm-none-eabi/lib/thumb/v7e-m+fp/hard\libc_nano.a(libc_a-fwalk.o)
                              C:/ST/STM32CubeIDE_1.19.0/STM32CubeIDE/plugins/com.st.stm32cube.ide.mcu.externaltools.gnu-tools-for-stm32.13.3.rel1.win32_1.0.0.202411081344/tools/bin/../lib/gcc/arm-none-eabi/13.3.1/../../../../arm-none-eabi/lib/thumb/v7e-m+fp/hard\libc_nano.a(libc_a-findfp.o) (_fwalk_sglue)
C:/ST/STM32CubeIDE_1.19.0/STM32CubeIDE/plugins/com.st.stm32cube.ide.mcu.externaltools.gnu-tools-for-stm32.13.3.rel1.win32_1.0.0.202411081344/tools/bin/../lib/gcc/arm-none-eabi/13.3.1/../../../../arm-none-eabi/lib/thumb/v7e-m+fp/hard\libc_nano.a(libc_a-printf.o)
                              ./App/Support/supportFunctions.o (printf)
C:/ST/STM32CubeIDE_1.19.0/STM32CubeIDE/plugins/com.st.stm32cube.ide.mcu.externaltools.gnu-tools-for-stm32.13.3.rel1.win32_1.0.0.202411081344/tools/bin/../lib/gcc/arm-none-eabi/13.3.1/../../../../arm-none-eabi/lib/thumb/v7e-m+fp/hard\libc_nano.a(libc_a-puts.o)
                              ./App/Support/supportFunctions.o (puts)
C:/ST/STM32CubeIDE_1.19.0/STM32CubeIDE/plugins/com.st.stm32cube.ide.mcu.externaltools.gnu-tools-for-stm32.13.3.rel1.win32_1.0.0.202411081344/tools/bin/../lib/gcc/arm-none-eabi/13.3.1/../../../../arm-none-eabi/lib/thumb/v7e-m+fp/hard\libc_nano.a(libc_a-stdio.o)
                              C:/ST/STM32CubeIDE_1.19.0/STM32CubeIDE/plugins/com.st.stm32cube.ide.mcu.externaltools.gnu-tools-for-stm32.13.3.rel1.win32_1.0.0.202411081344/tools/bin/../lib/gcc/arm-none-eabi/13.3.1/../../../../arm-none-eabi/lib/thumb/v7e-m+fp/hard\libc_nano.a(libc_a-findfp.o) (__sread)
C:/ST/STM32CubeIDE_1.19.0/STM32CubeIDE/plugins/com.st.stm32cube.ide.mcu.externaltools.gnu-tools-for-stm32.13.3.rel1.win32_1.0.0.202411081344/tools/bin/../lib/gcc/arm-none-eabi/13.3.1/../../../../arm-none-eabi/lib/thumb/v7e-m+fp/hard\libc_nano.a(libc_a-wbuf.o)
                              C:/ST/STM32CubeIDE_1.19.0/STM32CubeIDE/plugins/com.st.stm32cube.ide.mcu.externaltools.gnu-tools-for-stm32.13.3.rel1.win32_1.0.0.202411081344/tools/bin/../lib/gcc/arm-none-eabi/13.3.1/../../../../arm-none-eabi/lib/thumb/v7e-m+fp/hard\libc_nano.a(libc_a-puts.o) (__swbuf_r)
C:/ST/STM32CubeIDE_1.19.0/STM32CubeIDE/plugins/com.st.stm32cube.ide.mcu.externaltools.gnu-tools-for-stm32.13.3.rel1.win32_1.0.0.202411081344/tools/bin/../lib/gcc/arm-none-eabi/13.3.1/../../../../arm-none-eabi/lib/thumb/v7e-m+fp/hard\libc_nano.a(libc_a-wsetup.o)
                              C:/ST/STM32CubeIDE_1.19.0/STM32CubeIDE/plugins/com.st.stm32cube.ide.mcu.externaltools.gnu-tools-for-stm32.13.3.rel1.win32_1.0.0.202411081344/tools/bin/../lib/gcc/arm-none-eabi/13.3.1/../../../../arm-none-eabi/lib/thumb/v7e-m+fp/hard\libc_nano.a(libc_a-puts.o) (__swsetup_r)
[...]
Memory Configuration

Name             Origin             Length             Attributes
RAM              0x20000000         0x00020000         xrw
FLASH            0x08000000         0x00080000         xr
*default*        0x00000000         0xffffffff

Linker script and memory map

LOAD C:/ST/STM32CubeIDE_1.19.0/STM32CubeIDE/plugins/com.st.stm32cube.ide.mcu.externaltools.gnu-tools-for-stm32.13.3.rel1.win32_1.0.0.202411081344/tools/bin/../lib/gcc/arm-none-eabi/13.3.1/thumb/v7e-m+fp/hard/crti.o
LOAD C:/ST/STM32CubeIDE_1.19.0/STM32CubeIDE/plugins/com.st.stm32cube.ide.mcu.externaltools.gnu-tools-for-stm32.13.3.rel1.win32_1.0.0.202411081344/tools/bin/../lib/gcc/arm-none-eabi/13.3.1/thumb/v7e-m+fp/hard/crtbegin.o
LOAD C:/ST/STM32CubeIDE_1.19.0/STM32CubeIDE/plugins/com.st.stm32cube.ide.mcu.externaltools.gnu-tools-for-stm32.13.3.rel1.win32_1.0.0.202411081344/tools/bin/../lib/gcc/arm-none-eabi/13.3.1/../../../../arm-none-eabi/lib/thumb/v7e-m+fp/hard/crt0.o
LOAD ./App/ADE9000/Src/ADE9000.o
LOAD ./App/ADE9000/Src/ADE9000API.o
LOAD ./App/ADE9000/Src/ADE9000SPI.o
LOAD ./App/Support/calibration.o
LOAD ./App/Support/supportFunctions.o
LOAD ./App/Waveform/uartValueTransmist.o
LOAD ./App/Waveform/waveform.o
LOAD ./App/enernet.o
LOAD ./Core/Src/LumenProtocol.o
LOAD ./Core/Src/freertos.o
LOAD ./Core/Src/main.o
LOAD ./Core/Src/stm32f4xx_hal_msp.o
LOAD ./Core/Src/stm32f4xx_hal_timebase_tim.o
LOAD ./Core/Src/stm32f4xx_it.o
LOAD ./Core/Src/syscalls.o
LOAD ./Core/Src/sysmem.o
LOAD ./Core/Src/system_stm32f4xx.o
LOAD ./Core/Startup/startup_stm32f446retx.o
LOAD ./Drivers/STM32F4xx_HAL_Driver/Src/stm32f4xx_hal.o
LOAD ./Drivers/STM32F4xx_HAL_Driver/Src/stm32f4xx_hal_cortex.o
LOAD ./Drivers/STM32F4xx_HAL_Driver/Src/stm32f4xx_hal_dma.o
LOAD ./Drivers/STM32F4xx_HAL_Driver/Src/stm32f4xx_hal_dma_ex.o
LOAD ./Drivers/STM32F4xx_HAL_Driver/Src/stm32f4xx_hal_exti.o
LOAD ./Drivers/STM32F4xx_HAL_Driver/Src/stm32f4xx_hal_flash.o
LOAD ./Drivers/STM32F4xx_HAL_Driver/Src/stm32f4xx_hal_flash_ex.o
LOAD ./Drivers/STM32F4xx_HAL_Driver/Src/stm32f4xx_hal_flash_ramfunc.o
LOAD ./Drivers/STM32F4xx_HAL_Driver/Src/stm32f4xx_hal_gpio.o
LOAD ./Drivers/STM32F4xx_HAL_Driver/Src/stm32f4xx_hal_pwr.o
LOAD ./Drivers/STM32F4xx_HAL_Driver/Src/stm32f4xx_hal_pwr_ex.o
LOAD ./Drivers/STM32F4xx_HAL_Driver/Src/stm32f4xx_hal_rcc.o
LOAD ./Drivers/STM32F4xx_HAL_Driver/Src/stm32f4xx_hal_rcc_ex.o
LOAD ./Drivers/STM32F4xx_HAL_Driver/Src/stm32f4xx_hal_spi.o
LOAD ./Drivers/STM32F4xx_HAL_Driver/Src/stm32f4xx_hal_tim.o
LOAD ./Drivers/STM32F4xx_HAL_Driver/Src/stm32f4xx_hal_tim_ex.o
LOAD ./Drivers/STM32F4xx_HAL_Driver/Src/stm32f4xx_hal_uart.o
LOAD ./Middlewares/Third_Party/FreeRTOS/Source/CMSIS_RTOS_V2/cmsis_os2.o
LOAD ./Middlewares/Third_Party/FreeRTOS/Source/croutine.o
LOAD ./Middlewares/Third_Party/FreeRTOS/Source/event_groups.o
LOAD ./Middlewares/Third_Party/FreeRTOS/Source/list.o
LOAD ./Middlewares/Third_Party/FreeRTOS/Source/queue.o
LOAD ./Middlewares/Third_Party/FreeRTOS/Source/stream_buffer.o
LOAD ./Middlewares/Third_Party/FreeRTOS/Source/tasks.o
LOAD ./Middlewares/Third_Party/FreeRTOS/Source/timers.o
LOAD ./Middlewares/Third_Party/FreeRTOS/Source/portable/GCC/ARM_CM4F/port.o
LOAD ./Middlewares/Third_Party/FreeRTOS/Source/portable/MemMang/heap_4.o
START GROUP
LOAD C:/ST/STM32CubeIDE_1.19.0/STM32CubeIDE/plugins/com.st.stm32cube.ide.mcu.externaltools.gnu-tools-for-stm32.13.3.rel1.win32_1.0.0.202411081344/tools/bin/../lib/gcc/arm-none-eabi/13.3.1/../../../../arm-none-eabi/lib/thumb/v7e-m+fp/hard\libc_nano.a
LOAD C:/ST/STM32CubeIDE_1.19.0/STM32CubeIDE/plugins/com.st.stm32cube.ide.mcu.externaltools.gnu-tools-for-stm32.13.3.rel1.win32_1.0.0.202411081344/tools/bin/../lib/gcc/arm-none-eabi/13.3.1/../../../../arm-none-eabi/lib/thumb/v7e-m+fp/hard\libm.a
END GROUP
START GROUP
LOAD C:/ST/STM32CubeIDE_1.19.0/STM32CubeIDE/plugins/com.st.stm32cube.ide.mcu.externaltools.gnu-tools-for-stm32.13.3.rel1.win32_1.0.0.202411081344/tools/bin/../lib/gcc/arm-none-eabi/13.3.1/thumb/v7e-m+fp/hard\libgcc.a
LOAD C:/ST/STM32CubeIDE_1.19.0/STM32CubeIDE/plugins/com.st.stm32cube.ide.mcu.externaltools.gnu-tools-for-stm32.13.3.rel1.win32_1.0.0.202411081344/tools/bin/../lib/gcc/arm-none-eabi/13.3.1/../../../../arm-none-eabi/lib/thumb/v7e-m+fp/hard\libc_nano.a
END GROUP
START GROUP
LOAD C:/ST/STM32CubeIDE_1.19.0/STM32CubeIDE/plugins/com.st.stm32cube.ide.mcu.externaltools.gnu-tools-for-stm32.13.3.rel1.win32_1.0.0.202411081344/tools/bin/../lib/gcc/arm-none-eabi/13.3.1/thumb/v7e-m+fp/hard\libgcc.a
LOAD C:/ST/STM32CubeIDE_1.19.0/STM32CubeIDE/plugins/com.st.stm32cube.ide.mcu.externaltools.gnu-tools-for-stm32.13.3.rel1.win32_1.0.0.202411081344/tools/bin/../lib/gcc/arm-none-eabi/13.3.1/../../../../arm-none-eabi/lib/thumb/v7e-m+fp/hard\libc_nano.a
LOAD C:/ST/STM32CubeIDE_1.19.0/STM32CubeIDE/plugins/com.st.stm32cube.ide.mcu.externaltools.gnu-tools-for-stm32.13.3.rel1.win32_1.0.0.202411081344/tools/bin/../lib/gcc/arm-none-eabi/13.3.1/../../../../arm-none-eabi/lib/thumb/v7e-m+fp/hard\libnosys.a
END GROUP
START GROUP
LOAD C:/ST/STM32CubeIDE_1.19.0/STM32CubeIDE/plugins/com.st.stm32cube.ide.mcu.externaltools.gnu-tools-for-stm32.13.3.rel1.win32_1.0.0.202411081344/tools/bin/../lib/gcc/arm-none-eabi/13.3.1/thumb/v7e-m+fp/hard\libgcc.a
LOAD C:/ST/STM32CubeIDE_1.19.0/STM32CubeIDE/plugins/com.st.stm32cube.ide.mcu.externaltools.gnu-tools-for-stm32.13.3.rel1.win32_1.0.0.202411081344/tools/bin/../lib/gcc/arm-none-eabi/13.3.1/../../../../arm-none-eabi/lib/thumb/v7e-m+fp/hard\libc_nano.a
LOAD C:/ST/STM32CubeIDE_1.19.0/STM32CubeIDE/plugins/com.st.stm32cube.ide.mcu.externaltools.gnu-tools-for-stm32.13.3.rel1.win32_1.0.0.202411081344/tools/bin/../lib/gcc/arm-none-eabi/13.3.1/../../../../arm-none-eabi/lib/thumb/v7e-m+fp/hard\libnosys.a
END GROUP
LOAD C:/ST/STM32CubeIDE_1.19.0/STM32CubeIDE/plugins/com.st.stm32cube.ide.mcu.externaltools.gnu-tools-for-stm32.13.3.rel1.win32_1.0.0.202411081344/tools/bin/../lib/gcc/arm-none-eabi/13.3.1/thumb/v7e-m+fp/hard/crtend.o
LOAD C:/ST/STM32CubeIDE_1.19.0/STM32CubeIDE/plugins/com.st.stm32cube.ide.mcu.externaltools.gnu-tools-for-stm32.13.3.rel1.win32_1.0.0.202411081344/tools/bin/../lib/gcc/arm-none-eabi/13.3.1/thumb/v7e-m+fp/hard/crtn.o
                0x20020000                        _estack = (ORIGIN (RAM) + LENGTH (RAM))
                0x00000200                        _Min_Heap_Size = 0x200
                0x00000400                        _Min_Stack_Size = 0x400

.isr_vector     0x08000000      0x1c4
                0x08000000                        . = ALIGN (0x4)
 *(.isr_vector)
 .isr_vector    0x08000000      0x1c4 ./Core/Startup/startup_stm32f446retx.o
                0x08000000                g_pfnVectors
                0x080001c4                        . = ALIGN (0x4)

.text           0x080001d0     0xd708
                0x080001d0                        . = ALIGN (0x4)
 *(.text)
 .text          0x080001d0       0x40 C:/ST/STM32CubeIDE_1.19.0/STM32CubeIDE/plugins/com.st.stm32cube.ide.mcu.externaltools.gnu-tools-for-stm32.13.3.rel1.win32_1.0.0.202411081344/tools/bin/../lib/gcc/arm-none-eabi/13.3.1/thumb/v7e-m+fp/hard/crtbegin.o
 .text          0x08000210       0xa0 C:/ST/STM32CubeIDE_1.19.0/STM32CubeIDE/plugins/com.st.stm32cube.ide.mcu.externaltools.gnu-tools-for-stm32.13.3.rel1.win32_1.0.0.202411081344/tools/bin/../lib/gcc/arm-none-eabi/13.3.1/../../../../arm-none-eabi/lib/thumb/v7e-m+fp/hard\libc_nano.a(libc_a-memchr.o)
                0x08000210                memchr
 .text          0x080002b0       0x10 C:/ST/STM32CubeIDE_1.19.0/STM32CubeIDE/plugins/com.st.stm32cube.ide.mcu.externaltools.gnu-tools-for-stm32.13.3.rel1.win32_1.0.0.202411081344/tools/bin/../lib/gcc/arm-none-eabi/13.3.1/../../../../arm-none-eabi/lib/thumb/v7e-m+fp/hard\libc_nano.a(libc_a-strlen.o)
                0x080002b0                strlen
 .text          0x080002c0      0x378 C:/ST/STM32CubeIDE_1.19.0/STM32CubeIDE/plugins/com.st.stm32cube.ide.mcu.externaltools.gnu-tools-for-stm32.13.3.rel1.win32_1.0.0.202411081344/tools/bin/../lib/gcc/arm-none-eabi/13.3.1/thumb/v7e-m+fp/hard\libgcc.a(_arm_addsubdf3.o)
                0x080002c0                __aeabi_drsub
                0x080002c8                __aeabi_dsub
                0x080002c8                __subdf3
                0x080002cc                __aeabi_dadd
                0x080002cc                __adddf3
                0x08000544                __floatunsidf
                0x08000544                __aeabi_ui2d
                0x08000564                __floatsidf
                0x08000564                __aeabi_i2d
                0x08000588                __aeabi_f2d
                0x08000588                __extendsfdf2
                0x080005cc                __floatundidf
                0x080005cc                __aeabi_ul2d
                0x080005dc                __floatdidf
                0x080005dc                __aeabi_l2d
 .text          0x08000638      0x424 C:/ST/STM32CubeIDE_1.19.0/STM32CubeIDE/plugins/com.st.stm32cube.ide.mcu.externaltools.gnu-tools-for-stm32.13.3.rel1.win32_1.0.0.202411081344/tools/bin/../lib/gcc/arm-none-eabi/13.3.1/thumb/v7e-m+fp/hard\libgcc.a(_arm_muldivdf3.o)
                0x08000638                __aeabi_dmul
                0x08000638                __muldf3
                0x0800088c                __divdf3
                0x0800088c                __aeabi_ddiv
 .text          0x08000a5c      0x110 C:/ST/STM32CubeIDE_1.19.0/STM32CubeIDE/plugins/com.st.stm32cube.ide.mcu.externaltools.gnu-tools-for-stm32.13.3.rel1.win32_1.0.0.202411081344/tools/bin/../lib/gcc/arm-none-eabi/13.3.1/thumb/v7e-m+fp/hard\libgcc.a(_arm_cmpdf2.o)
                0x08000a5c                __gtdf2
                0x08000a5c                __gedf2
                0x08000a64                __ltdf2
                0x08000a64                __ledf2
                0x08000a6c                __nedf2
                0x08000a6c                __eqdf2
                0x08000a6c                __cmpdf2
                0x08000ae8                __aeabi_cdrcmple
                0x08000af8                __aeabi_cdcmpeq
                0x08000af8                __aeabi_cdcmple
                0x08000b08                __aeabi_dcmpeq
                0x08000b1c                __aeabi_dcmplt
                0x08000b30                __aeabi_dcmple
                0x08000b44                __aeabi_dcmpge
                0x08000b58                __aeabi_dcmpgt
 .text          0x08000b6c       0x2c C:/ST/STM32CubeIDE_1.19.0/STM32CubeIDE/plugins/com.st.stm32cube.ide.mcu.externaltools.gnu-tools-for-stm32.13.3.rel1.win32_1.0.0.202411081344/tools/bin/../lib/gcc/arm-none-eabi/13.3.1/thumb/v7e-m+fp/hard\libgcc.a(_arm_unorddf2.o)
                0x08000b6c                __unorddf2
                0x08000b6c                __aeabi_dcmpun
 .text          0x08000b98       0x50 C:/ST/STM32CubeIDE_1.19.0/STM32CubeIDE/plugins/com.st.stm32cube.ide.mcu.externaltools.gnu-tools-for-stm32.13.3.rel1.win32_1.0.0.202411081344/tools/bin/../lib/gcc/arm-none-eabi/13.3.1/thumb/v7e-m+fp/hard\libgcc.a(_arm_fixdfsi.o)
                0x08000b98                __aeabi_d2iz
                0x08000b98                __fixdfsi
 .text          0x08000be8       0x30 C:/ST/STM32CubeIDE_1.19.0/STM32CubeIDE/plugins/com.st.stm32cube.ide.mcu.externaltools.gnu-tools-for-stm32.13.3.rel1.win32_1.0.0.202411081344/tools/bin/../lib/gcc/arm-none-eabi/13.3.1/thumb/v7e-m+fp/hard\libgcc.a(_aeabi_uldivmod.o)
                0x08000be8                __aeabi_uldivmod
 .text          0x08000c18      0x2f8 C:/ST/STM32CubeIDE_1.19.0/STM32CubeIDE/plugins/com.st.stm32cube.ide.mcu.externaltools.gnu-tools-for-stm32.13.3.rel1.win32_1.0.0.202411081344/tools/bin/../lib/gcc/arm-none-eabi/13.3.1/thumb/v7e-m+fp/hard\libgcc.a(_udivmoddi4.o)
                0x08000c18                __udivmoddi4
 .text          0x08000f10        0x4 C:/ST/STM32CubeIDE_1.19.0/STM32CubeIDE/plugins/com.st.stm32cube.ide.mcu.externaltools.gnu-tools-for-stm32.13.3.rel1.win32_1.0.0.202411081344/tools/bin/../lib/gcc/arm-none-eabi/13.3.1/thumb/v7e-m+fp/hard\libgcc.a(_dvmd_tls.o)
                0x08000f10                __aeabi_idiv0
                0x08000f10                __aeabi_ldiv0
 *(.text*)
 .text.ADE9000_Pins
                0x08000f14       0x18 ./App/ADE9000/Src/ADE9000.o
                0x08000f14                ADE9000_Pins
 .text.ADE9000_Setup
                0x08000f2c      0x134 ./App/ADE9000/Src/ADE9000.o
                0x08000f2c                ADE9000_Setup
 .text.ADE9000_Calibration
                0x08001060       0xf0 ./App/ADE9000/Src/ADE9000.o
                0x08001060                ADE9000_Calibration
 .text.ADE9000_Init
                0x08001150       0x14 ./App/ADE9000/Src/ADE9000.o
                0x08001150                ADE9000_Init
 .text.ADE9000SPI_Read32_Unsafe
                0x08001164       0x98 ./App/ADE9000/Src/ADE9000SPI.o
                0x08001164                ADE9000SPI_Read32_Unsafe
 .text.ADE9000SPI_Write16
                0x080011fc       0x88 ./App/ADE9000/Src/ADE9000SPI.o
                0x080011fc                ADE9000SPI_Write16
 .text.ADE9000SPI_Write32
                0x08001284       0xb0 ./App/ADE9000/Src/ADE9000SPI.o
                0x08001284                ADE9000SPI_Write32
 .text.ADE9000SPI_Read16
                0x08001334       0x90 ./App/ADE9000/Src/ADE9000SPI.o
                0x08001334                ADE9000SPI_Read16
 .text.ADE9000SPI_BurstRead_DMA_Start
                0x080013c4       0x64 ./App/ADE9000/Src/ADE9000SPI.o
                0x080013c4                ADE9000SPI_BurstRead_DMA_Start
 .text.UartTransmit
                0x08001428      0x13c ./App/Waveform/uartValueTransmist.o
                0x08001428                UartTransmit
 .text.Waveform_Extract_Send
                0x08001564       0x9c ./App/Waveform/waveform.o
 .text.Waveform_Main
                0x08001600       0x8c ./App/Waveform/waveform.o
                0x08001600                Waveform_Main
 .text.Init_WFB
                0x0800168c       0x54 ./App/Waveform/waveform.o
                0x0800168c                Init_WFB
 .text.Restart_WFB
                0x080016e0       0x34 ./App/Waveform/waveform.o
                0x080016e0                Restart_WFB
 .text.Waveform_Process_Chunk
                0x08001714      0x698 ./App/Waveform/waveform.o
                0x08001714                Waveform_Process_Chunk
 .text.Get_Print_Buffer_Snapshot
                0x08001dac       0x30 ./App/Waveform/waveform.o
                0x08001dac                Get_Print_Buffer_Snapshot
 .text.Analise_Interrupcao
                0x08001ddc      0x124 ./App/Waveform/waveform.o
                0x08001ddc                Analise_Interrupcao
 .text.Reset_Internal_State
                0x08001f00       0x74 ./App/Waveform/waveform.o
                0x08001f00                Reset_Internal_State
 .text.HAL_GPIO_EXTI_Callback
                0x08001f74       0x8c ./App/Waveform/waveform.o
                0x08001f74                HAL_GPIO_EXTI_Callback
 .text.HAL_SPI_TxRxHalfCpltCallback
                0x08002000       0x28 ./App/Waveform/waveform.o
                0x08002000                HAL_SPI_TxRxHalfCpltCallback
 .text.HAL_SPI_TxRxCpltCallback
                0x08002028       0x48 ./App/Waveform/waveform.o
                0x08002028                HAL_SPI_TxRxCpltCallback
 .text.mainPrint_Waveform
                0x08002070      0x200 ./App/Waveform/waveform.o
                0x08002070                mainPrint_Waveform
 .text.lumen_write
                0x08002270      0x2bc ./Core/Src/LumenProtocol.o
                0x08002270                lumen_write
 .text.lumen_write_packet
                0x0800252c      0x150 ./Core/Src/LumenProtocol.o
                0x0800252c                lumen_write_packet
 .text.ParsePayload
                0x0800267c       0xec ./Core/Src/LumenProtocol.o
                0x0800267c                ParsePayload
 .text.Pack     0x08002768      0x18c ./Core/Src/LumenProtocol.o
                0x08002768                Pack
 .text.lumen_available
                0x080028f4       0xd8 ./Core/Src/LumenProtocol.o
                0x080028f4                lumen_available
 .text.lumen_get_first_packet
                0x080029cc       0x74 ./Core/Src/LumenProtocol.o
                0x080029cc                lumen_get_first_packet
 .text.UART_StartReception
                0x08002a40       0x1c ./Core/Src/main.o
                0x08002a40                UART_StartReception
 .text.HAL_UART_RxCpltCallback
                0x08002a5c       0x74 ./Core/Src/main.o
                0x08002a5c                HAL_UART_RxCpltCallback
 .text.lumen_write_bytes
                0x08002ad0       0x28 ./Core/Src/main.o
                0x08002ad0                lumen_write_bytes
 .text.lumen_get_byte
                0x08002af8       0x60 ./Core/Src/main.o
                0x08002af8                lumen_get_byte
 .text._write   0x08002b58       0x38 ./Core/Src/main.o
                0x08002b58                _write
 .text.main     0x08002b90       0xb4 ./Core/Src/main.o
                0x08002b90                main
 .text.SystemClock_Config
                0x08002c44       0xe4 ./Core/Src/main.o
                0x08002c44                SystemClock_Config
 .text.MX_SPI1_Init
                0x08002d28       0x70 ./Core/Src/main.o
 .text.MX_USART2_UART_Init
                0x08002d98       0x54 ./Core/Src/main.o
 .text.MX_USART6_UART_Init
                0x08002dec       0x54 ./Core/Src/main.o
 .text.MX_DMA_Init
                0x08002e40       0x50 ./Core/Src/main.o
 .text.MX_GPIO_Init
                0x08002e90       0xf0 ./Core/Src/main.o
 .text.StartEnernetTask
                0x08002f80       0x1a ./Core/Src/main.o
                0x08002f80                StartEnernetTask
 .text.StartUartTransmitTask
                0x08002f9a       0x16 ./Core/Src/main.o
                0x08002f9a                StartUartTransmitTask
 .text.printWaveformTask
                0x08002fb0       0x16 ./Core/Src/main.o
                0x08002fb0                printWaveformTask
 *fill*         0x08002fc6        0x2 
 .text.HAL_TIM_PeriodElapsedCallback
                0x08002fc8       0x24 ./Core/Src/main.o
                0x08002fc8                HAL_TIM_PeriodElapsedCallback
 .text.Error_Handler
                0x08002fec        0xc ./Core/Src/main.o
                0x08002fec                Error_Handler
 .text.HAL_MspInit
                0x08002ff8       0x58 ./Core/Src/stm32f4xx_hal_msp.o
                0x08002ff8                HAL_MspInit
 .text.HAL_SPI_MspInit
                0x08003050      0x160 ./Core/Src/stm32f4xx_hal_msp.o
                0x08003050                HAL_SPI_MspInit
 .text.HAL_UART_MspInit
                0x080031b0      0x11c ./Core/Src/stm32f4xx_hal_msp.o
                0x080031b0                HAL_UART_MspInit
 .text.HAL_InitTick
                0x080032cc       0xf8 ./Core/Src/stm32f4xx_hal_timebase_tim.o
                0x080032cc                HAL_InitTick
 .text.NMI_Handler
                0x080033c4        0x8 ./Core/Src/stm32f4xx_it.o
                0x080033c4                NMI_Handler
 .text.HardFault_Handler
                0x080033cc        0x8 ./Core/Src/stm32f4xx_it.o
                0x080033cc                HardFault_Handler
 .text.MemManage_Handler
                0x080033d4        0x8 ./Core/Src/stm32f4xx_it.o
                0x080033d4                MemManage_Handler
 .text.BusFault_Handler
                0x080033dc        0x8 ./Core/Src/stm32f4xx_it.o
                0x080033dc                BusFault_Handler
 .text.UsageFault_Handler
                0x080033e4        0x8 ./Core/Src/stm32f4xx_it.o
                0x080033e4                UsageFault_Handler
 .text.DebugMon_Handler
                0x080033ec        0xe ./Core/Src/stm32f4xx_it.o
                0x080033ec                DebugMon_Handler
 .text.EXTI9_5_IRQHandler
                0x080033fa       0x10 ./Core/Src/stm32f4xx_it.o
                0x080033fa                EXTI9_5_IRQHandler
 *fill*         0x0800340a        0x2 
 .text.USART2_IRQHandler
                0x0800340c       0x14 ./Core/Src/stm32f4xx_it.o
                0x0800340c                USART2_IRQHandler
 .text.TIM7_IRQHandler
                0x08003420       0x14 ./Core/Src/stm32f4xx_it.o
                0x08003420                TIM7_IRQHandler
 .text.DMA2_Stream0_IRQHandler
                0x08003434       0x14 ./Core/Src/stm32f4xx_it.o
                0x08003434                DMA2_Stream0_IRQHandler
 .text.DMA2_Stream3_IRQHandler
                0x08003448       0x14 ./Core/Src/stm32f4xx_it.o
                0x08003448                DMA2_Stream3_IRQHandler
 .text.USART6_IRQHandler
                0x0800345c       0x14 ./Core/Src/stm32f4xx_it.o
                0x0800345c                USART6_IRQHandler
 .text._getpid  0x08003470       0x10 ./Core/Src/syscalls.o
                0x08003470                _getpid
 .text._kill    0x08003480       0x20 ./Core/Src/syscalls.o
                0x08003480                _kill
 .text._exit    0x080034a0       0x16 ./Core/Src/syscalls.o
                0x080034a0                _exit
 .text._read    0x080034b6       0x3a ./Core/Src/syscalls.o
                0x080034b6                _read
 .text._close   0x080034f0       0x18 ./Core/Src/syscalls.o
                0x080034f0                _close
 .text._fstat   0x08003508       0x20 ./Core/Src/syscalls.o
                0x08003508                _fstat
 .text._isatty  0x08003528       0x16 ./Core/Src/syscalls.o
                0x08003528                _isatty
 .text._lseek   0x0800353e       0x1a ./Core/Src/syscalls.o
                0x0800353e                _lseek
 .text._sbrk    0x08003558       0x6c ./Core/Src/sysmem.o
                0x08003558                _sbrk
 .text.SystemInit
                0x080035c4       0x24 ./Core/Src/system_stm32f4xx.o
                0x080035c4                SystemInit
 .text.Reset_Handler
                0x080035e8       0x50 ./Core/Startup/startup_stm32f446retx.o
                0x080035e8                Reset_Handler
 .text.Default_Handler
                0x08003638        0x2 ./Core/Startup/startup_stm32f446retx.o
                0x08003638                RTC_Alarm_IRQHandler
                0x08003638                EXTI2_IRQHandler
                0x08003638                TIM8_CC_IRQHandler
                0x08003638                FMPI2C1_EV_IRQHandler
                0x08003638                SPI4_IRQHandler
                0x08003638                TIM1_CC_IRQHandler
                0x08003638                DMA2_Stream5_IRQHandler
                0x08003638                DMA1_Stream5_IRQHandler
                0x08003638                PVD_IRQHandler
                0x08003638                SDIO_IRQHandler
                0x08003638                TAMP_STAMP_IRQHandler
                0x08003638                CAN2_RX1_IRQHandler
                0x08003638                EXTI3_IRQHandler
                0x08003638                TIM8_TRG_COM_TIM14_IRQHandler
                0x08003638                TIM1_UP_TIM10_IRQHandler
                0x08003638                TIM8_UP_TIM13_IRQHandler
                0x08003638                I2C3_ER_IRQHandler
                0x08003638                EXTI0_IRQHandler
                0x08003638                I2C2_EV_IRQHandler
                0x08003638                DMA1_Stream2_IRQHandler
                0x08003638                CAN1_RX0_IRQHandler
                0x08003638                FPU_IRQHandler
                0x08003638                OTG_HS_WKUP_IRQHandler
                0x08003638                CAN2_SCE_IRQHandler
                0x08003638                DMA2_Stream2_IRQHandler
                0x08003638                SPI1_IRQHandler
                0x08003638                TIM6_DAC_IRQHandler
                0x08003638                TIM1_BRK_TIM9_IRQHandler
                0x08003638                DCMI_IRQHandler
                0x08003638                CAN2_RX0_IRQHandler
                0x08003638                SAI2_IRQHandler
                0x08003638                USART3_IRQHandler
                0x08003638                CAN1_RX1_IRQHandler
                0x08003638                UART5_IRQHandler
                0x08003638                TIM4_IRQHandler
                0x08003638                QUADSPI_IRQHandler
                0x08003638                I2C1_EV_IRQHandler
                0x08003638                DMA1_Stream6_IRQHandler
                0x08003638                DMA1_Stream1_IRQHandler
                0x08003638                UART4_IRQHandler
                0x08003638                TIM3_IRQHandler
                0x08003638                RCC_IRQHandler
                0x08003638                TIM8_BRK_TIM12_IRQHandler
                0x08003638                Default_Handler
                0x08003638                CEC_IRQHandler
                0x08003638                EXTI15_10_IRQHandler
                0x08003638                ADC_IRQHandler
                0x08003638                DMA1_Stream7_IRQHandler
                0x08003638                CAN2_TX_IRQHandler
                0x08003638                TIM5_IRQHandler
                0x08003638                DMA2_Stream7_IRQHandler
                0x08003638                I2C3_EV_IRQHandler
                0x08003638                RTC_WKUP_IRQHandler
                0x08003638                SPDIF_RX_IRQHandler
                0x08003638                SPI2_IRQHandler
                0x08003638                OTG_HS_EP1_IN_IRQHandler
                0x08003638                DMA1_Stream0_IRQHandler
                0x08003638                CAN1_TX_IRQHandler
                0x08003638                FMPI2C1_ER_IRQHandler
                0x08003638                EXTI4_IRQHandler
                0x08003638                OTG_HS_EP1_OUT_IRQHandler
                0x08003638                WWDG_IRQHandler
                0x08003638                TIM2_IRQHandler
                0x08003638                OTG_FS_WKUP_IRQHandler
                0x08003638                TIM1_TRG_COM_TIM11_IRQHandler
                0x08003638                OTG_HS_IRQHandler
                0x08003638                EXTI1_IRQHandler
                0x08003638                I2C2_ER_IRQHandler
                0x08003638                DMA2_Stream1_IRQHandler
                0x08003638                CAN1_SCE_IRQHandler
                0x08003638                FLASH_IRQHandler
                0x08003638                DMA2_Stream4_IRQHandler
                0x08003638                USART1_IRQHandler
                0x08003638                OTG_FS_IRQHandler
                0x08003638                SPI3_IRQHandler
                0x08003638                DMA1_Stream4_IRQHandler
                0x08003638                I2C1_ER_IRQHandler
                0x08003638                FMC_IRQHandler
                0x08003638                DMA2_Stream6_IRQHandler
                0x08003638                SAI1_IRQHandler
                0x08003638                DMA1_Stream3_IRQHandler
 *fill*         0x0800363a        0x2 
 .text.HAL_Init
                0x0800363c       0x44 ./Drivers/STM32F4xx_HAL_Driver/Src/stm32f4xx_hal.o
                0x0800363c                HAL_Init
 .text.HAL_IncTick
                0x08003680       0x28 ./Drivers/STM32F4xx_HAL_Driver/Src/stm32f4xx_hal.o
                0x08003680                HAL_IncTick
 .text.HAL_GetTick
                0x080036a8       0x18 ./Drivers/STM32F4xx_HAL_Driver/Src/stm32f4xx_hal.o
                0x080036a8                HAL_GetTick
 .text.__NVIC_SetPriorityGrouping
                0x080036c0       0x48 ./Drivers/STM32F4xx_HAL_Driver/Src/stm32f4xx_hal_cortex.o
 .text.__NVIC_GetPriorityGrouping
                0x08003708       0x1c ./Drivers/STM32F4xx_HAL_Driver/Src/stm32f4xx_hal_cortex.o
 .text.__NVIC_EnableIRQ
                0x08003724       0x3c ./Drivers/STM32F4xx_HAL_Driver/Src/stm32f4xx_hal_cortex.o
 .text.__NVIC_SetPriority
                0x08003760       0x54 ./Drivers/STM32F4xx_HAL_Driver/Src/stm32f4xx_hal_cortex.o
 .text.NVIC_EncodePriority
                0x080037b4       0x66 ./Drivers/STM32F4xx_HAL_Driver/Src/stm32f4xx_hal_cortex.o
 .text.HAL_NVIC_SetPriorityGrouping
                0x0800381a       0x16 ./Drivers/STM32F4xx_HAL_Driver/Src/stm32f4xx_hal_cortex.o
                0x0800381a                HAL_NVIC_SetPriorityGrouping
 .text.HAL_NVIC_SetPriority
                0x08003830       0x38 ./Drivers/STM32F4xx_HAL_Driver/Src/stm32f4xx_hal_cortex.o
                0x08003830                HAL_NVIC_SetPriority
 .text.HAL_NVIC_EnableIRQ
                0x08003868       0x1c ./Drivers/STM32F4xx_HAL_Driver/Src/stm32f4xx_hal_cortex.o
                0x08003868                HAL_NVIC_EnableIRQ
 .text.HAL_DMA_Init
                0x08003884      0x15c ./Drivers/STM32F4xx_HAL_Driver/Src/stm32f4xx_hal_dma.o
                0x08003884                HAL_DMA_Init
 .text.HAL_DMA_Start_IT
                0x080039e0       0xb0 ./Drivers/STM32F4xx_HAL_Driver/Src/stm32f4xx_hal_dma.o
                0x080039e0                HAL_DMA_Start_IT
 .text.HAL_DMA_Abort
                0x08003a90       0xe0 ./Drivers/STM32F4xx_HAL_Driver/Src/stm32f4xx_hal_dma.o
                0x08003a90                HAL_DMA_Abort
 .text.HAL_DMA_Abort_IT
                0x08003b70       0x44 ./Drivers/STM32F4xx_HAL_Driver/Src/stm32f4xx_hal_dma.o
                0x08003b70                HAL_DMA_Abort_IT
 .text.HAL_DMA_IRQHandler
                0x08003bb4      0x314 ./Drivers/STM32F4xx_HAL_Driver/Src/stm32f4xx_hal_dma.o
                0x08003bb4                HAL_DMA_IRQHandler
 .text.DMA_SetConfig
                0x08003ec8       0x5c ./Drivers/STM32F4xx_HAL_Driver/Src/stm32f4xx_hal_dma.o
 .text.DMA_CalcBaseAndBitshift
                0x08003f24       0x6c ./Drivers/STM32F4xx_HAL_Driver/Src/stm32f4xx_hal_dma.o
 .text.DMA_CheckFifoParam
                0x08003f90       0xf8 ./Drivers/STM32F4xx_HAL_Driver/Src/stm32f4xx_hal_dma.o
 .text.HAL_GPIO_Init
                0x08004088      0x328 ./Drivers/STM32F4xx_HAL_Driver/Src/stm32f4xx_hal_gpio.o
                0x08004088                HAL_GPIO_Init
 .text.HAL_GPIO_WritePin
                0x080043b0       0x32 ./Drivers/STM32F4xx_HAL_Driver/Src/stm32f4xx_hal_gpio.o
                0x080043b0                HAL_GPIO_WritePin
 .text.HAL_GPIO_TogglePin
                0x080043e2       0x34 ./Drivers/STM32F4xx_HAL_Driver/Src/stm32f4xx_hal_gpio.o
                0x080043e2                HAL_GPIO_TogglePin
 *fill*         0x08004416        0x2 
 .text.HAL_GPIO_EXTI_IRQHandler
                0x08004418       0x30 ./Drivers/STM32F4xx_HAL_Driver/Src/stm32f4xx_hal_gpio.o
                0x08004418                HAL_GPIO_EXTI_IRQHandler
 .text.HAL_PWREx_EnableOverDrive
                0x08004448       0xa0 ./Drivers/STM32F4xx_HAL_Driver/Src/stm32f4xx_hal_pwr_ex.o
                0x08004448                HAL_PWREx_EnableOverDrive
 .text.HAL_RCC_ClockConfig
                0x080044e8      0x1cc ./Drivers/STM32F4xx_HAL_Driver/Src/stm32f4xx_hal_rcc.o
                0x080044e8                HAL_RCC_ClockConfig
 .text.HAL_RCC_GetHCLKFreq
                0x080046b4       0x18 ./Drivers/STM32F4xx_HAL_Driver/Src/stm32f4xx_hal_rcc.o
                0x080046b4                HAL_RCC_GetHCLKFreq
 .text.HAL_RCC_GetPCLK1Freq
                0x080046cc       0x28 ./Drivers/STM32F4xx_HAL_Driver/Src/stm32f4xx_hal_rcc.o
                0x080046cc                HAL_RCC_GetPCLK1Freq
 .text.HAL_RCC_GetPCLK2Freq
                0x080046f4       0x28 ./Drivers/STM32F4xx_HAL_Driver/Src/stm32f4xx_hal_rcc.o
                0x080046f4                HAL_RCC_GetPCLK2Freq
 .text.HAL_RCC_GetClockConfig
                0x0800471c       0x64 ./Drivers/STM32F4xx_HAL_Driver/Src/stm32f4xx_hal_rcc.o
                0x0800471c                HAL_RCC_GetClockConfig
 .text.HAL_RCC_GetSysClockFreq
                0x08004780      0x354 ./Drivers/STM32F4xx_HAL_Driver/Src/stm32f4xx_hal_rcc_ex.o
                0x08004780                HAL_RCC_GetSysClockFreq
 .text.HAL_RCC_OscConfig
                0x08004ad4      0x53c ./Drivers/STM32F4xx_HAL_Driver/Src/stm32f4xx_hal_rcc_ex.o
                0x08004ad4                HAL_RCC_OscConfig
 .text.HAL_SPI_Init
                0x08005010      0x112 ./Drivers/STM32F4xx_HAL_Driver/Src/stm32f4xx_hal_spi.o
                0x08005010                HAL_SPI_Init
 .text.HAL_SPI_TransmitReceive
                0x08005122      0x352 ./Drivers/STM32F4xx_HAL_Driver/Src/stm32f4xx_hal_spi.o
                0x08005122                HAL_SPI_TransmitReceive
 .text.HAL_SPI_TransmitReceive_DMA
                0x08005474      0x1f8 ./Drivers/STM32F4xx_HAL_Driver/Src/stm32f4xx_hal_spi.o
                0x08005474                HAL_SPI_TransmitReceive_DMA
 .text.HAL_SPI_DMAStop
                0x0800566c       0x7e ./Drivers/STM32F4xx_HAL_Driver/Src/stm32f4xx_hal_spi.o
                0x0800566c                HAL_SPI_DMAStop
 .text.HAL_SPI_RxCpltCallback
                0x080056ea       0x14 ./Drivers/STM32F4xx_HAL_Driver/Src/stm32f4xx_hal_spi.o
                0x080056ea                HAL_SPI_RxCpltCallback
 .text.HAL_SPI_RxHalfCpltCallback
                0x080056fe       0x14 ./Drivers/STM32F4xx_HAL_Driver/Src/stm32f4xx_hal_spi.o
                0x080056fe                HAL_SPI_RxHalfCpltCallback
 .text.HAL_SPI_ErrorCallback
                0x08005712       0x14 ./Drivers/STM32F4xx_HAL_Driver/Src/stm32f4xx_hal_spi.o
                0x08005712                HAL_SPI_ErrorCallback
 .text.SPI_DMAReceiveCplt
                0x08005726       0xa8 ./Drivers/STM32F4xx_HAL_Driver/Src/stm32f4xx_hal_spi.o
 .text.SPI_DMATransmitReceiveCplt
                0x080057ce       0x90 ./Drivers/STM32F4xx_HAL_Driver/Src/stm32f4xx_hal_spi.o
 .text.SPI_DMAHalfReceiveCplt
                0x0800585e       0x1c ./Drivers/STM32F4xx_HAL_Driver/Src/stm32f4xx_hal_spi.o
 .text.SPI_DMAHalfTransmitReceiveCplt
                0x0800587a       0x1c ./Drivers/STM32F4xx_HAL_Driver/Src/stm32f4xx_hal_spi.o
 .text.SPI_DMAError
                0x08005896       0x40 ./Drivers/STM32F4xx_HAL_Driver/Src/stm32f4xx_hal_spi.o
 *fill*         0x080058d6        0x2 
 .text.SPI_WaitFlagStateUntilTimeout
                0x080058d8      0x110 ./Drivers/STM32F4xx_HAL_Driver/Src/stm32f4xx_hal_spi.o
 .text.SPI_EndRxTransaction
                0x080059e8       0xca ./Drivers/STM32F4xx_HAL_Driver/Src/stm32f4xx_hal_spi.o
 *fill*         0x08005ab2        0x2 
 .text.SPI_EndRxTxTransaction
                0x08005ab4       0xa8 ./Drivers/STM32F4xx_HAL_Driver/Src/stm32f4xx_hal_spi.o
 .text.HAL_TIM_Base_Init
                0x08005b5c       0x9e ./Drivers/STM32F4xx_HAL_Driver/Src/stm32f4xx_hal_tim.o
                0x08005b5c                HAL_TIM_Base_Init
 .text.HAL_TIM_Base_MspInit
                0x08005bfa       0x14 ./Drivers/STM32F4xx_HAL_Driver/Src/stm32f4xx_hal_tim.o
                0x08005bfa                HAL_TIM_Base_MspInit
 *fill*         0x08005c0e        0x2 
 .text.HAL_TIM_Base_Start_IT
                0x08005c10       0xe0 ./Drivers/STM32F4xx_HAL_Driver/Src/stm32f4xx_hal_tim.o
                0x08005c10                HAL_TIM_Base_Start_IT
 .text.HAL_TIM_IRQHandler
                0x08005cf0      0x1e0 ./Drivers/STM32F4xx_HAL_Driver/Src/stm32f4xx_hal_tim.o
                0x08005cf0                HAL_TIM_IRQHandler
 .text.HAL_TIM_OC_DelayElapsedCallback
                0x08005ed0       0x14 ./Drivers/STM32F4xx_HAL_Driver/Src/stm32f4xx_hal_tim.o
                0x08005ed0                HAL_TIM_OC_DelayElapsedCallback
 .text.HAL_TIM_IC_CaptureCallback
                0x08005ee4       0x14 ./Drivers/STM32F4xx_HAL_Driver/Src/stm32f4xx_hal_tim.o
                0x08005ee4                HAL_TIM_IC_CaptureCallback
 .text.HAL_TIM_PWM_PulseFinishedCallback
                0x08005ef8       0x14 ./Drivers/STM32F4xx_HAL_Driver/Src/stm32f4xx_hal_tim.o
                0x08005ef8                HAL_TIM_PWM_PulseFinishedCallback
 .text.HAL_TIM_TriggerCallback
                0x08005f0c       0x14 ./Drivers/STM32F4xx_HAL_Driver/Src/stm32f4xx_hal_tim.o
                0x08005f0c                HAL_TIM_TriggerCallback
 .text.TIM_Base_SetConfig
                0x08005f20      0x14c ./Drivers/STM32F4xx_HAL_Driver/Src/stm32f4xx_hal_tim.o
                0x08005f20                TIM_Base_SetConfig
 .text.HAL_TIMEx_CommutCallback
                0x0800606c       0x14 ./Drivers/STM32F4xx_HAL_Driver/Src/stm32f4xx_hal_tim_ex.o
                0x0800606c                HAL_TIMEx_CommutCallback
 .text.HAL_TIMEx_BreakCallback
                0x08006080       0x14 ./Drivers/STM32F4xx_HAL_Driver/Src/stm32f4xx_hal_tim_ex.o
                0x08006080                HAL_TIMEx_BreakCallback
 .text.HAL_UART_Init
                0x08006094       0xa0 ./Drivers/STM32F4xx_HAL_Driver/Src/stm32f4xx_hal_uart.o
                0x08006094                HAL_UART_Init
 .text.HAL_UART_Transmit
                0x08006134      0x116 ./Drivers/STM32F4xx_HAL_Driver/Src/stm32f4xx_hal_uart.o
                0x08006134                HAL_UART_Transmit
 .text.HAL_UART_Receive_IT
                0x0800624a       0x4a ./Drivers/STM32F4xx_HAL_Driver/Src/stm32f4xx_hal_uart.o
                0x0800624a                HAL_UART_Receive_IT
 .text.HAL_UART_IRQHandler
                0x08006294      0x554 ./Drivers/STM32F4xx_HAL_Driver/Src/stm32f4xx_hal_uart.o
                0x08006294                HAL_UART_IRQHandler
 .text.HAL_UART_TxCpltCallback
                0x080067e8       0x14 ./Drivers/STM32F4xx_HAL_Driver/Src/stm32f4xx_hal_uart.o
                0x080067e8                HAL_UART_TxCpltCallback
 .text.HAL_UART_ErrorCallback
                0x080067fc       0x14 ./Drivers/STM32F4xx_HAL_Driver/Src/stm32f4xx_hal_uart.o
                0x080067fc                HAL_UART_ErrorCallback
 .text.HAL_UARTEx_RxEventCallback
                0x08006810       0x18 ./Drivers/STM32F4xx_HAL_Driver/Src/stm32f4xx_hal_uart.o
                0x08006810                HAL_UARTEx_RxEventCallback
 .text.UART_WaitOnFlagUntilTimeout
                0x08006828       0xb2 ./Drivers/STM32F4xx_HAL_Driver/Src/stm32f4xx_hal_uart.o
 .text.UART_Start_Receive_IT
                0x080068da       0x74 ./Drivers/STM32F4xx_HAL_Driver/Src/stm32f4xx_hal_uart.o
                0x080068da                UART_Start_Receive_IT
 .text.UART_EndRxTransfer
                0x0800694e       0xc6 ./Drivers/STM32F4xx_HAL_Driver/Src/stm32f4xx_hal_uart.o
 .text.UART_DMAAbortOnError
                0x08006a14       0x22 ./Drivers/STM32F4xx_HAL_Driver/Src/stm32f4xx_hal_uart.o
 .text.UART_Transmit_IT
                0x08006a36       0xa0 ./Drivers/STM32F4xx_HAL_Driver/Src/stm32f4xx_hal_uart.o
 .text.UART_EndTransmit_IT
                0x08006ad6       0x30 ./Drivers/STM32F4xx_HAL_Driver/Src/stm32f4xx_hal_uart.o
 .text.UART_Receive_IT
                0x08006b06      0x17c ./Drivers/STM32F4xx_HAL_Driver/Src/stm32f4xx_hal_uart.o
 *fill*         0x08006c82        0x2 
 .text.UART_SetConfig
                0x08006c84      0x4e8 ./Drivers/STM32F4xx_HAL_Driver/Src/stm32f4xx_hal_uart.o
 .text.__NVIC_SetPriority
                0x0800716c       0x54 ./Middlewares/Third_Party/FreeRTOS/Source/CMSIS_RTOS_V2/cmsis_os2.o
 .text.SysTick_Handler
                0x080071c0       0x20 ./Middlewares/Third_Party/FreeRTOS/Source/CMSIS_RTOS_V2/cmsis_os2.o
                0x080071c0                SysTick_Handler
 .text.SVC_Setup
                0x080071e0       0x12 ./Middlewares/Third_Party/FreeRTOS/Source/CMSIS_RTOS_V2/cmsis_os2.o
 *fill*         0x080071f2        0x2 
 .text.osKernelInitialize
                0x080071f4       0x48 ./Middlewares/Third_Party/FreeRTOS/Source/CMSIS_RTOS_V2/cmsis_os2.o
                0x080071f4                osKernelInitialize
 .text.osKernelStart
                0x0800723c       0x4c ./Middlewares/Third_Party/FreeRTOS/Source/CMSIS_RTOS_V2/cmsis_os2.o
                0x0800723c                osKernelStart
 .text.osThreadNew
                0x08007288      0x124 ./Middlewares/Third_Party/FreeRTOS/Source/CMSIS_RTOS_V2/cmsis_os2.o
                0x08007288                osThreadNew
 .text.osThreadFlagsSet
                0x080073ac       0x9c ./Middlewares/Third_Party/FreeRTOS/Source/CMSIS_RTOS_V2/cmsis_os2.o
                0x080073ac                osThreadFlagsSet
 .text.osThreadFlagsWait
                0x08007448      0x102 ./Middlewares/Third_Party/FreeRTOS/Source/CMSIS_RTOS_V2/cmsis_os2.o
                0x08007448                osThreadFlagsWait
 .text.osDelay  0x0800754a       0x36 ./Middlewares/Third_Party/FreeRTOS/Source/CMSIS_RTOS_V2/cmsis_os2.o
                0x0800754a                osDelay
 .text.osMutexNew
                0x08007580      0x10c ./Middlewares/Third_Party/FreeRTOS/Source/CMSIS_RTOS_V2/cmsis_os2.o
                0x08007580                osMutexNew
 .text.osMutexAcquire
                0x0800768c       0x96 ./Middlewares/Third_Party/FreeRTOS/Source/CMSIS_RTOS_V2/cmsis_os2.o
                0x0800768c                osMutexAcquire
 .text.osMutexRelease
                0x08007722       0x7a ./Middlewares/Third_Party/FreeRTOS/Source/CMSIS_RTOS_V2/cmsis_os2.o
                0x08007722                osMutexRelease
 .text.osMessageQueueNew
                0x0800779c       0xe6 ./Middlewares/Third_Party/FreeRTOS/Source/CMSIS_RTOS_V2/cmsis_os2.o
                0x0800779c                osMessageQueueNew
 *fill*         0x08007882        0x2 
 .text.osMessageQueuePut
                0x08007884       0xc0 ./Middlewares/Third_Party/FreeRTOS/Source/CMSIS_RTOS_V2/cmsis_os2.o
                0x08007884                osMessageQueuePut
 .text.osMessageQueueGet
                0x08007944       0xbc ./Middlewares/Third_Party/FreeRTOS/Source/CMSIS_RTOS_V2/cmsis_os2.o
                0x08007944                osMessageQueueGet
 .text.vApplicationGetIdleTaskMemory
                0x08007a00       0x34 ./Middlewares/Third_Party/FreeRTOS/Source/CMSIS_RTOS_V2/cmsis_os2.o
                0x08007a00                vApplicationGetIdleTaskMemory
 .text.vApplicationGetTimerTaskMemory
                0x08007a34       0x34 ./Middlewares/Third_Party/FreeRTOS/Source/CMSIS_RTOS_V2/cmsis_os2.o
                0x08007a34                vApplicationGetTimerTaskMemory
 .text.vListInitialise
                0x08007a68       0x40 ./Middlewares/Third_Party/FreeRTOS/Source/list.o
                0x08007a68                vListInitialise
 .text.vListInitialiseItem
                0x08007aa8       0x1a ./Middlewares/Third_Party/FreeRTOS/Source/list.o
                0x08007aa8                vListInitialiseItem
 .text.vListInsertEnd
                0x08007ac2       0x48 ./Middlewares/Third_Party/FreeRTOS/Source/list.o
                0x08007ac2                vListInsertEnd
 .text.vListInsert
                0x08007b0a       0x72 ./Middlewares/Third_Party/FreeRTOS/Source/list.o
                0x08007b0a                vListInsert
 .text.uxListRemove
                0x08007b7c       0x54 ./Middlewares/Third_Party/FreeRTOS/Source/list.o
                0x08007b7c                uxListRemove
 .text.xQueueGenericReset
                0x08007bd0       0xd4 ./Middlewares/Third_Party/FreeRTOS/Source/queue.o
                0x08007bd0                xQueueGenericReset
 .text.xQueueGenericCreateStatic
                0x08007ca4       0xfa ./Middlewares/Third_Party/FreeRTOS/Source/queue.o
                0x08007ca4                xQueueGenericCreateStatic
 .text.xQueueGenericCreate
                0x08007d9e       0x76 ./Middlewares/Third_Party/FreeRTOS/Source/queue.o
                0x08007d9e                xQueueGenericCreate
 .text.prvInitialiseNewQueue
                0x08007e14       0x46 ./Middlewares/Third_Party/FreeRTOS/Source/queue.o
 .text.prvInitialiseMutex
                0x08007e5a       0x34 ./Middlewares/Third_Party/FreeRTOS/Source/queue.o
 .text.xQueueCreateMutex
                0x08007e8e       0x30 ./Middlewares/Third_Party/FreeRTOS/Source/queue.o
                0x08007e8e                xQueueCreateMutex
 .text.xQueueCreateMutexStatic
                0x08007ebe       0x36 ./Middlewares/Third_Party/FreeRTOS/Source/queue.o
                0x08007ebe                xQueueCreateMutexStatic
 .text.xQueueGiveMutexRecursive
                0x08007ef4       0x6a ./Middlewares/Third_Party/FreeRTOS/Source/queue.o
                0x08007ef4                xQueueGiveMutexRecursive
 .text.xQueueTakeMutexRecursive
                0x08007f5e       0x6e ./Middlewares/Third_Party/FreeRTOS/Source/queue.o
                0x08007f5e                xQueueTakeMutexRecursive
 .text.xQueueGenericSend
                0x08007fcc      0x204 ./Middlewares/Third_Party/FreeRTOS/Source/queue.o
                0x08007fcc                xQueueGenericSend
 .text.xQueueGenericSendFromISR
                0x080081d0      0x13c ./Middlewares/Third_Party/FreeRTOS/Source/queue.o
                0x080081d0                xQueueGenericSendFromISR
 .text.xQueueReceive
                0x0800830c      0x1c4 ./Middlewares/Third_Party/FreeRTOS/Source/queue.o
                0x0800830c                xQueueReceive
 .text.xQueueSemaphoreTake
                0x080084d0      0x220 ./Middlewares/Third_Party/FreeRTOS/Source/queue.o
                0x080084d0                xQueueSemaphoreTake
 .text.xQueueReceiveFromISR
                0x080086f0      0x104 ./Middlewares/Third_Party/FreeRTOS/Source/queue.o
                0x080086f0                xQueueReceiveFromISR
 .text.prvGetDisinheritPriorityAfterTimeout
                0x080087f4       0x30 ./Middlewares/Third_Party/FreeRTOS/Source/queue.o
 .text.prvCopyDataToQueue
                0x08008824       0xd4 ./Middlewares/Third_Party/FreeRTOS/Source/queue.o
 .text.prvCopyDataFromQueue
                0x080088f8       0x4c ./Middlewares/Third_Party/FreeRTOS/Source/queue.o
 .text.prvUnlockQueue
                0x08008944       0xa4 ./Middlewares/Third_Party/FreeRTOS/Source/queue.o
 .text.prvIsQueueEmpty
                0x080089e8       0x2c ./Middlewares/Third_Party/FreeRTOS/Source/queue.o
 .text.prvIsQueueFull
                0x08008a14       0x30 ./Middlewares/Third_Party/FreeRTOS/Source/queue.o
 .text.vQueueAddToRegistry
                0x08008a44       0x54 ./Middlewares/Third_Party/FreeRTOS/Source/queue.o
                0x08008a44                vQueueAddToRegistry
 .text.vQueueWaitForMessageRestricted
                0x08008a98       0x68 ./Middlewares/Third_Party/FreeRTOS/Source/queue.o
                0x08008a98                vQueueWaitForMessageRestricted
 .text.xTaskCreateStatic
                0x08008b00       0xc0 ./Middlewares/Third_Party/FreeRTOS/Source/tasks.o
                0x08008b00                xTaskCreateStatic
 .text.xTaskCreate
                0x08008bc0       0x8a ./Middlewares/Third_Party/FreeRTOS/Source/tasks.o
                0x08008bc0                xTaskCreate
 *fill*         0x08008c4a        0x2 
 .text.prvInitialiseNewTask
                0x08008c4c      0x150 ./Middlewares/Third_Party/FreeRTOS/Source/tasks.o
 .text.prvAddNewTaskToReadyList
                0x08008d9c       0xe0 ./Middlewares/Third_Party/FreeRTOS/Source/tasks.o
 .text.vTaskDelay
                0x08008e7c       0x6c ./Middlewares/Third_Party/FreeRTOS/Source/tasks.o
                0x08008e7c                vTaskDelay
 .text.vTaskStartScheduler
                0x08008ee8       0xe0 ./Middlewares/Third_Party/FreeRTOS/Source/tasks.o
                0x08008ee8                vTaskStartScheduler
 .text.vTaskSuspendAll
                0x08008fc8       0x1c ./Middlewares/Third_Party/FreeRTOS/Source/tasks.o
                0x08008fc8                vTaskSuspendAll
 .text.xTaskResumeAll
                0x08008fe4      0x13c ./Middlewares/Third_Party/FreeRTOS/Source/tasks.o
                0x08008fe4                xTaskResumeAll
 .text.xTaskGetTickCount
                0x08009120       0x20 ./Middlewares/Third_Party/FreeRTOS/Source/tasks.o
                0x08009120                xTaskGetTickCount
 .text.xTaskIncrementTick
                0x08009140      0x174 ./Middlewares/Third_Party/FreeRTOS/Source/tasks.o
                0x08009140                xTaskIncrementTick
 .text.vTaskSwitchContext
                0x080092b4       0xcc ./Middlewares/Third_Party/FreeRTOS/Source/tasks.o
                0x080092b4                vTaskSwitchContext
 .text.vTaskPlaceOnEventList
                0x08009380       0x4c ./Middlewares/Third_Party/FreeRTOS/Source/tasks.o
                0x08009380                vTaskPlaceOnEventList
 .text.vTaskPlaceOnEventListRestricted
                0x080093cc       0x58 ./Middlewares/Third_Party/FreeRTOS/Source/tasks.o
                0x080093cc                vTaskPlaceOnEventListRestricted
 .text.xTaskRemoveFromEventList
                0x08009424       0xc8 ./Middlewares/Third_Party/FreeRTOS/Source/tasks.o
                0x08009424                xTaskRemoveFromEventList
 .text.vTaskInternalSetTimeOutState
                0x080094ec       0x2c ./Middlewares/Third_Party/FreeRTOS/Source/tasks.o
                0x080094ec                vTaskInternalSetTimeOutState
 .text.xTaskCheckForTimeOut
                0x08009518       0xc8 ./Middlewares/Third_Party/FreeRTOS/Source/tasks.o
                0x08009518                xTaskCheckForTimeOut
 .text.vTaskMissedYield
                0x080095e0       0x18 ./Middlewares/Third_Party/FreeRTOS/Source/tasks.o
                0x080095e0                vTaskMissedYield
 .text.prvIdleTask
                0x080095f8       0x30 ./Middlewares/Third_Party/FreeRTOS/Source/tasks.o
 .text.prvInitialiseTaskLists
                0x08009628       0x80 ./Middlewares/Third_Party/FreeRTOS/Source/tasks.o
 .text.prvCheckTasksWaitingTermination
                0x080096a8       0x5c ./Middlewares/Third_Party/FreeRTOS/Source/tasks.o
 .text.prvDeleteTCB
                0x08009704       0x6a ./Middlewares/Third_Party/FreeRTOS/Source/tasks.o
 *fill*         0x0800976e        0x2 
 .text.prvResetNextTaskUnblockTime
                0x08009770       0x40 ./Middlewares/Third_Party/FreeRTOS/Source/tasks.o
 .text.xTaskGetCurrentTaskHandle
                0x080097b0       0x20 ./Middlewares/Third_Party/FreeRTOS/Source/tasks.o
                0x080097b0                xTaskGetCurrentTaskHandle
 .text.xTaskGetSchedulerState
                0x080097d0       0x3c ./Middlewares/Third_Party/FreeRTOS/Source/tasks.o
                0x080097d0                xTaskGetSchedulerState
 .text.xTaskPriorityInherit
                0x0800980c       0xd0 ./Middlewares/Third_Party/FreeRTOS/Source/tasks.o
                0x0800980c                xTaskPriorityInherit
 .text.xTaskPriorityDisinherit
                0x080098dc       0xe0 ./Middlewares/Third_Party/FreeRTOS/Source/tasks.o
                0x080098dc                xTaskPriorityDisinherit
 .text.vTaskPriorityDisinheritAfterTimeout
                0x080099bc      0x108 ./Middlewares/Third_Party/FreeRTOS/Source/tasks.o
                0x080099bc                vTaskPriorityDisinheritAfterTimeout
 .text.pvTaskIncrementMutexHeldCount
                0x08009ac4       0x28 ./Middlewares/Third_Party/FreeRTOS/Source/tasks.o
                0x08009ac4                pvTaskIncrementMutexHeldCount
 .text.xTaskNotifyWait
                0x08009aec       0xc0 ./Middlewares/Third_Party/FreeRTOS/Source/tasks.o
                0x08009aec                xTaskNotifyWait
 .text.xTaskGenericNotify
                0x08009bac      0x184 ./Middlewares/Third_Party/FreeRTOS/Source/tasks.o
                0x08009bac                xTaskGenericNotify
 .text.xTaskGenericNotifyFromISR
                0x08009d30      0x1cc ./Middlewares/Third_Party/FreeRTOS/Source/tasks.o
                0x08009d30                xTaskGenericNotifyFromISR
 .text.prvAddCurrentTaskToDelayedList
                0x08009efc       0xa8 ./Middlewares/Third_Party/FreeRTOS/Source/tasks.o
 .text.xTimerCreateTimerTask
                0x08009fa4       0x94 ./Middlewares/Third_Party/FreeRTOS/Source/timers.o
                0x08009fa4                xTimerCreateTimerTask
 .text.xTimerGenericCommand
                0x0800a038       0x9c ./Middlewares/Third_Party/FreeRTOS/Source/timers.o
                0x0800a038                xTimerGenericCommand
 .text.prvProcessExpiredTimer
                0x0800a0d4       0x9c ./Middlewares/Third_Party/FreeRTOS/Source/timers.o
 .text.prvTimerTask
                0x0800a170       0x26 ./Middlewares/Third_Party/FreeRTOS/Source/timers.o
 *fill*         0x0800a196        0x2 
 .text.prvProcessTimerOrBlockTask
                0x0800a198       0x9c ./Middlewares/Third_Party/FreeRTOS/Source/timers.o
 .text.prvGetNextExpireTime
                0x0800a234       0x48 ./Middlewares/Third_Party/FreeRTOS/Source/timers.o
 .text.prvSampleTimeNow
                0x0800a27c       0x40 ./Middlewares/Third_Party/FreeRTOS/Source/timers.o
 .text.prvInsertTimerInActiveList
                0x0800a2bc       0x84 ./Middlewares/Third_Party/FreeRTOS/Source/timers.o
 .text.prvProcessReceivedCommands
                0x0800a340      0x1cc ./Middlewares/Third_Party/FreeRTOS/Source/timers.o
 .text.prvSwitchTimerLists
                0x0800a50c       0xcc ./Middlewares/Third_Party/FreeRTOS/Source/timers.o
 .text.prvCheckForValidListAndQueue
                0x0800a5d8       0x80 ./Middlewares/Third_Party/FreeRTOS/Source/timers.o
 .text.pxPortInitialiseStack
                0x0800a658       0x68 ./Middlewares/Third_Party/FreeRTOS/Source/portable/GCC/ARM_CM4F/port.o
                0x0800a658                pxPortInitialiseStack
 .text.prvTaskExitError
                0x0800a6c0       0x5c ./Middlewares/Third_Party/FreeRTOS/Source/portable/GCC/ARM_CM4F/port.o
 *fill*         0x0800a71c        0x4 
 .text.SVC_Handler
                0x0800a720       0x28 ./Middlewares/Third_Party/FreeRTOS/Source/portable/GCC/ARM_CM4F/port.o
                0x0800a720                SVC_Handler
 .text.prvPortStartFirstTask
                0x0800a748       0x28 ./Middlewares/Third_Party/FreeRTOS/Source/portable/GCC/ARM_CM4F/port.o
 .text.xPortStartScheduler
                0x0800a770      0x148 ./Middlewares/Third_Party/FreeRTOS/Source/portable/GCC/ARM_CM4F/port.o
                0x0800a770                xPortStartScheduler
 .text.vPortEnterCritical
                0x0800a8b8       0x64 ./Middlewares/Third_Party/FreeRTOS/Source/portable/GCC/ARM_CM4F/port.o
                0x0800a8b8                vPortEnterCritical
 .text.vPortExitCritical
                0x0800a91c       0x54 ./Middlewares/Third_Party/FreeRTOS/Source/portable/GCC/ARM_CM4F/port.o
                0x0800a91c                vPortExitCritical
 .text.PendSV_Handler
                0x0800a970       0x68 ./Middlewares/Third_Party/FreeRTOS/Source/portable/GCC/ARM_CM4F/port.o
                0x0800a970                PendSV_Handler
 .text.xPortSysTickHandler
                0x0800a9d8       0x44 ./Middlewares/Third_Party/FreeRTOS/Source/portable/GCC/ARM_CM4F/port.o
                0x0800a9d8                xPortSysTickHandler
 .text.vPortSetupTimerInterrupt
                0x0800aa1c       0x48 ./Middlewares/Third_Party/FreeRTOS/Source/portable/GCC/ARM_CM4F/port.o
                0x0800aa1c                vPortSetupTimerInterrupt
 .text.vPortEnableVFP
                0x0800aa64       0x14 ./Middlewares/Third_Party/FreeRTOS/Source/portable/GCC/ARM_CM4F/port.o
 .text.vPortValidateInterruptPriority
                0x0800aa78       0x84 ./Middlewares/Third_Party/FreeRTOS/Source/portable/GCC/ARM_CM4F/port.o
                0x0800aa78                vPortValidateInterruptPriority
 .text.pvPortMalloc
                0x0800aafc      0x19c ./Middlewares/Third_Party/FreeRTOS/Source/portable/MemMang/heap_4.o
                0x0800aafc                pvPortMalloc
 .text.vPortFree
                0x0800ac98       0xc8 ./Middlewares/Third_Party/FreeRTOS/Source/portable/MemMang/heap_4.o
                0x0800ac98                vPortFree
 .text.prvHeapInit
                0x0800ad60       0xc4 ./Middlewares/Third_Party/FreeRTOS/Source/portable/MemMang/heap_4.o
 .text.prvInsertBlockIntoFreeList
                0x0800ae24       0xb4 ./Middlewares/Third_Party/FreeRTOS/Source/portable/MemMang/heap_4.o
 .text.__cvt    0x0800aed8       0xca C:/ST/STM32CubeIDE_1.19.0/STM32CubeIDE/plugins/com.st.stm32cube.ide.mcu.externaltools.gnu-tools-for-stm32.13.3.rel1.win32_1.0.0.202411081344/tools/bin/../lib/gcc/arm-none-eabi/13.3.1/../../../../arm-none-eabi/lib/thumb/v7e-m+fp/hard\libc_nano.a(libc_a-nano-vfprintf_float.o)
                0x0800aed8                __cvt
 .text.__exponent
                0x0800afa2       0x74 C:/ST/STM32CubeIDE_1.19.0/STM32CubeIDE/plugins/com.st.stm32cube.ide.mcu.externaltools.gnu-tools-for-stm32.13.3.rel1.win32_1.0.0.202411081344/tools/bin/../lib/gcc/arm-none-eabi/13.3.1/../../../../arm-none-eabi/lib/thumb/v7e-m+fp/hard\libc_nano.a(libc_a-nano-vfprintf_float.o)
                0x0800afa2                __exponent
 *fill*         0x0800b016        0x2 
 .text._printf_float
                0x0800b018      0x454 C:/ST/STM32CubeIDE_1.19.0/STM32CubeIDE/plugins/com.st.stm32cube.ide.mcu.externaltools.gnu-tools-for-stm32.13.3.rel1.win32_1.0.0.202411081344/tools/bin/../lib/gcc/arm-none-eabi/13.3.1/../../../../arm-none-eabi/lib/thumb/v7e-m+fp/hard\libc_nano.a(libc_a-nano-vfprintf_float.o)
                0x0800b018                _printf_float
 .text._printf_common
                0x0800b46c       0xda C:/ST/STM32CubeIDE_1.19.0/STM32CubeIDE/plugins/com.st.stm32cube.ide.mcu.externaltools.gnu-tools-for-stm32.13.3.rel1.win32_1.0.0.202411081344/tools/bin/../lib/gcc/arm-none-eabi/13.3.1/../../../../arm-none-eabi/lib/thumb/v7e-m+fp/hard\libc_nano.a(libc_a-nano-vfprintf_i.o)
                0x0800b46c                _printf_common
 *fill*         0x0800b546        0x2 
 .text._printf_i
                0x0800b548      0x23c C:/ST/STM32CubeIDE_1.19.0/STM32CubeIDE/plugins/com.st.stm32cube.ide.mcu.externaltools.gnu-tools-for-stm32.13.3.rel1.win32_1.0.0.202411081344/tools/bin/../lib/gcc/arm-none-eabi/13.3.1/../../../../arm-none-eabi/lib/thumb/v7e-m+fp/hard\libc_nano.a(libc_a-nano-vfprintf_i.o)
                0x0800b548                _printf_i
 .text.std      0x0800b784       0x6c C:/ST/STM32CubeIDE_1.19.0/STM32CubeIDE/plugins/com.st.stm32cube.ide.mcu.externaltools.gnu-tools-for-stm32.13.3.rel1.win32_1.0.0.202411081344/tools/bin/../lib/gcc/arm-none-eabi/13.3.1/../../../../arm-none-eabi/lib/thumb/v7e-m+fp/hard\libc_nano.a(libc_a-findfp.o)
 .text.stdio_exit_handler
                0x0800b7f0       0x18 C:/ST/STM32CubeIDE_1.19.0/STM32CubeIDE/plugins/com.st.stm32cube.ide.mcu.externaltools.gnu-tools-for-stm32.13.3.rel1.win32_1.0.0.202411081344/tools/bin/../lib/gcc/arm-none-eabi/13.3.1/../../../../arm-none-eabi/lib/thumb/v7e-m+fp/hard\libc_nano.a(libc_a-findfp.o)
 .text.cleanup_stdio
                0x0800b808       0x40 C:/ST/STM32CubeIDE_1.19.0/STM32CubeIDE/plugins/com.st.stm32cube.ide.mcu.externaltools.gnu-tools-for-stm32.13.3.rel1.win32_1.0.0.202411081344/tools/bin/../lib/gcc/arm-none-eabi/13.3.1/../../../../arm-none-eabi/lib/thumb/v7e-m+fp/hard\libc_nano.a(libc_a-findfp.o)
 .text.global_stdio_init.part.0
                0x0800b848       0x3c C:/ST/STM32CubeIDE_1.19.0/STM32CubeIDE/plugins/com.st.stm32cube.ide.mcu.externaltools.gnu-tools-for-stm32.13.3.rel1.win32_1.0.0.202411081344/tools/bin/../lib/gcc/arm-none-eabi/13.3.1/../../../../arm-none-eabi/lib/thumb/v7e-m+fp/hard\libc_nano.a(libc_a-findfp.o)
 .text.__sfp_lock_acquire
                0x0800b884        0xc C:/ST/STM32CubeIDE_1.19.0/STM32CubeIDE/plugins/com.st.stm32cube.ide.mcu.externaltools.gnu-tools-for-stm32.13.3.rel1.win32_1.0.0.202411081344/tools/bin/../lib/gcc/arm-none-eabi/13.3.1/../../../../arm-none-eabi/lib/thumb/v7e-m+fp/hard\libc_nano.a(libc_a-findfp.o)
                0x0800b884                __sfp_lock_acquire
 .text.__sfp_lock_release
                0x0800b890        0xc C:/ST/STM32CubeIDE_1.19.0/STM32CubeIDE/plugins/com.st.stm32cube.ide.mcu.externaltools.gnu-tools-for-stm32.13.3.rel1.win32_1.0.0.202411081344/tools/bin/../lib/gcc/arm-none-eabi/13.3.1/../../../../arm-none-eabi/lib/thumb/v7e-m+fp/hard\libc_nano.a(libc_a-findfp.o)
                0x0800b890                __sfp_lock_release
 .text.__sinit  0x0800b89c       0x30 C:/ST/STM32CubeIDE_1.19.0/STM32CubeIDE/plugins/com.st.stm32cube.ide.mcu.externaltools.gnu-tools-for-stm32.13.3.rel1.win32_1.0.0.202411081344/tools/bin/../lib/gcc/arm-none-eabi/13.3.1/../../../../arm-none-eabi/lib/thumb/v7e-m+fp/hard\libc_nano.a(libc_a-findfp.o)
                0x0800b89c                __sinit
 .text._fwalk_sglue
                0x0800b8cc       0x3c C:/ST/STM32CubeIDE_1.19.0/STM32CubeIDE/plugins/com.st.stm32cube.ide.mcu.externaltools.gnu-tools-for-stm32.13.3.rel1.win32_1.0.0.202411081344/tools/bin/../lib/gcc/arm-none-eabi/13.3.1/../../../../arm-none-eabi/lib/thumb/v7e-m+fp/hard\libc_nano.a(libc_a-fwalk.o)
                0x0800b8cc                _fwalk_sglue
 .text.printf   0x0800b908       0x24 C:/ST/STM32CubeIDE_1.19.0/STM32CubeIDE/plugins/com.st.stm32cube.ide.mcu.externaltools.gnu-tools-for-stm32.13.3.rel1.win32_1.0.0.202411081344/tools/bin/../lib/gcc/arm-none-eabi/13.3.1/../../../../arm-none-eabi/lib/thumb/v7e-m+fp/hard\libc_nano.a(libc_a-printf.o)
                0x0800b908                iprintf
                0x0800b908                printf
 .text.__sread  0x0800b92c       0x22 C:/ST/STM32CubeIDE_1.19.0/STM32CubeIDE/plugins/com.st.stm32cube.ide.mcu.externaltools.gnu-tools-for-stm32.13.3.rel1.win32_1.0.0.202411081344/tools/bin/../lib/gcc/arm-none-eabi/13.3.1/../../../../arm-none-eabi/lib/thumb/v7e-m+fp/hard\libc_nano.a(libc_a-stdio.o)
                0x0800b92c                __sread
 .text.__swrite
                0x0800b94e       0x38 C:/ST/STM32CubeIDE_1.19.0/STM32CubeIDE/plugins/com.st.stm32cube.ide.mcu.externaltools.gnu-tools-for-stm32.13.3.rel1.win32_1.0.0.202411081344/tools/bin/../lib/gcc/arm-none-eabi/13.3.1/../../../../arm-none-eabi/lib/thumb/v7e-m+fp/hard\libc_nano.a(libc_a-stdio.o)
                0x0800b94e                __swrite
 .text.__sseek  0x0800b986       0x24 C:/ST/STM32CubeIDE_1.19.0/STM32CubeIDE/plugins/com.st.stm32cube.ide.mcu.externaltools.gnu-tools-for-stm32.13.3.rel1.win32_1.0.0.202411081344/tools/bin/../lib/gcc/arm-none-eabi/13.3.1/../../../../arm-none-eabi/lib/thumb/v7e-m+fp/hard\libc_nano.a(libc_a-stdio.o)
                0x0800b986                __sseek
 .text.__sclose
                0x0800b9aa        0x8 C:/ST/STM32CubeIDE_1.19.0/STM32CubeIDE/plugins/com.st.stm32cube.ide.mcu.externaltools.gnu-tools-for-stm32.13.3.rel1.win32_1.0.0.202411081344/tools/bin/../lib/gcc/arm-none-eabi/13.3.1/../../../../arm-none-eabi/lib/thumb/v7e-m+fp/hard\libc_nano.a(libc_a-stdio.o)
                0x0800b9aa                __sclose
 .text.__swbuf_r
                0x0800b9b2       0x7c C:/ST/STM32CubeIDE_1.19.0/STM32CubeIDE/plugins/com.st.stm32cube.ide.mcu.externaltools.gnu-tools-for-stm32.13.3.rel1.win32_1.0.0.202411081344/tools/bin/../lib/gcc/arm-none-eabi/13.3.1/../../../../arm-none-eabi/lib/thumb/v7e-m+fp/hard\libc_nano.a(libc_a-wbuf.o)
                0x0800b9b2                __swbuf_r
 *fill*         0x0800ba2e        0x2 
 .text.__swsetup_r
                0x0800ba30       0xac C:/ST/STM32CubeIDE_1.19.0/STM32CubeIDE/plugins/com.st.stm32cube.ide.mcu.externaltools.gnu-tools-for-stm32.13.3.rel1.win32_1.0.0.202411081344/tools/bin/../lib/gcc/arm-none-eabi/13.3.1/../../../../arm-none-eabi/lib/thumb/v7e-m+fp/hard\libc_nano.a(libc_a-wsetup.o)
                0x0800ba30                __swsetup_r
 .text.memset   0x0800badc       0x10 C:/ST/STM32CubeIDE_1.19.0/STM32CubeIDE/plugins/com.st.stm32cube.ide.mcu.externaltools.gnu-tools-for-stm32.13.3.rel1.win32_1.0.0.202411081344/tools/bin/../lib/gcc/arm-none-eabi/13.3.1/../../../../arm-none-eabi/lib/thumb/v7e-m+fp/hard\libc_nano.a(libc_a-memset.o)
                0x0800badc                memset
 .text._localeconv_r
                0x0800baec        0x8 C:/ST/STM32CubeIDE_1.19.0/STM32CubeIDE/plugins/com.st.stm32cube.ide.mcu.externaltools.gnu-tools-for-stm32.13.3.rel1.win32_1.0.0.202411081344/tools/bin/../lib/gcc/arm-none-eabi/13.3.1/../../../../arm-none-eabi/lib/thumb/v7e-m+fp/hard\libc_nano.a(libc_a-localeconv.o)
                0x0800baec                _localeconv_r
 .text._close_r
                0x0800baf4       0x20 C:/ST/STM32CubeIDE_1.19.0/STM32CubeIDE/plugins/com.st.stm32cube.ide.mcu.externaltools.gnu-tools-for-stm32.13.3.rel1.win32_1.0.0.202411081344/tools/bin/../lib/gcc/arm-none-eabi/13.3.1/../../../../arm-none-eabi/lib/thumb/v7e-m+fp/hard\libc_nano.a(libc_a-closer.o)
                0x0800baf4                _close_r
 .text._reclaim_reent
                0x0800bb14       0xbc C:/ST/STM32CubeIDE_1.19.0/STM32CubeIDE/plugins/com.st.stm32cube.ide.mcu.externaltools.gnu-tools-for-stm32.13.3.rel1.win32_1.0.0.202411081344/tools/bin/../lib/gcc/arm-none-eabi/13.3.1/../../../../arm-none-eabi/lib/thumb/v7e-m+fp/hard\libc_nano.a(libc_a-reent.o)
                0x0800bb14                _reclaim_reent
 .text._lseek_r
                0x0800bbd0       0x24 C:/ST/STM32CubeIDE_1.19.0/STM32CubeIDE/plugins/com.st.stm32cube.ide.mcu.externaltools.gnu-tools-for-stm32.13.3.rel1.win32_1.0.0.202411081344/tools/bin/../lib/gcc/arm-none-eabi/13.3.1/../../../../arm-none-eabi/lib/thumb/v7e-m+fp/hard\libc_nano.a(libc_a-lseekr.o)
                0x0800bbd0                _lseek_r
 .text._read_r  0x0800bbf4       0x24 C:/ST/STM32CubeIDE_1.19.0/STM32CubeIDE/plugins/com.st.stm32cube.ide.mcu.externaltools.gnu-tools-for-stm32.13.3.rel1.win32_1.0.0.202411081344/tools/bin/../lib/gcc/arm-none-eabi/13.3.1/../../../../arm-none-eabi/lib/thumb/v7e-m+fp/hard\libc_nano.a(libc_a-readr.o)
                0x0800bbf4                _read_r
 .text._write_r
                0x0800bc18       0x24 C:/ST/STM32CubeIDE_1.19.0/STM32CubeIDE/plugins/com.st.stm32cube.ide.mcu.externaltools.gnu-tools-for-stm32.13.3.rel1.win32_1.0.0.202411081344/tools/bin/../lib/gcc/arm-none-eabi/13.3.1/../../../../arm-none-eabi/lib/thumb/v7e-m+fp/hard\libc_nano.a(libc_a-writer.o)
                0x0800bc18                _write_r
 .text.__errno  0x0800bc3c        0xc C:/ST/STM32CubeIDE_1.19.0/STM32CubeIDE/plugins/com.st.stm32cube.ide.mcu.externaltools.gnu-tools-for-stm32.13.3.rel1.win32_1.0.0.202411081344/tools/bin/../lib/gcc/arm-none-eabi/13.3.1/../../../../arm-none-eabi/lib/thumb/v7e-m+fp/hard\libc_nano.a(libc_a-errno.o)
                0x0800bc3c                __errno
 .text.__libc_init_array
                0x0800bc48       0x48 C:/ST/STM32CubeIDE_1.19.0/STM32CubeIDE/plugins/com.st.stm32cube.ide.mcu.externaltools.gnu-tools-for-stm32.13.3.rel1.win32_1.0.0.202411081344/tools/bin/../lib/gcc/arm-none-eabi/13.3.1/../../../../arm-none-eabi/lib/thumb/v7e-m+fp/hard\libc_nano.a(libc_a-init.o)
                0x0800bc48                __libc_init_array
 .text.__retarget_lock_init_recursive
                0x0800bc90        0x2 C:/ST/STM32CubeIDE_1.19.0/STM32CubeIDE/plugins/com.st.stm32cube.ide.mcu.externaltools.gnu-tools-for-stm32.13.3.rel1.win32_1.0.0.202411081344/tools/bin/../lib/gcc/arm-none-eabi/13.3.1/../../../../arm-none-eabi/lib/thumb/v7e-m+fp/hard\libc_nano.a(libc_a-lock.o)
                0x0800bc90                __retarget_lock_init_recursive
 .text.__retarget_lock_acquire_recursive
                0x0800bc92        0x2 C:/ST/STM32CubeIDE_1.19.0/STM32CubeIDE/plugins/com.st.stm32cube.ide.mcu.externaltools.gnu-tools-for-stm32.13.3.rel1.win32_1.0.0.202411081344/tools/bin/../lib/gcc/arm-none-eabi/13.3.1/../../../../arm-none-eabi/lib/thumb/v7e-m+fp/hard\libc_nano.a(libc_a-lock.o)
                0x0800bc92                __retarget_lock_acquire_recursive
 .text.__retarget_lock_release_recursive
                0x0800bc94        0x2 C:/ST/STM32CubeIDE_1.19.0/STM32CubeIDE/plugins/com.st.stm32cube.ide.mcu.externaltools.gnu-tools-for-stm32.13.3.rel1.win32_1.0.0.202411081344/tools/bin/../lib/gcc/arm-none-eabi/13.3.1/../../../../arm-none-eabi/lib/thumb/v7e-m+fp/hard\libc_nano.a(libc_a-lock.o)
                0x0800bc94                __retarget_lock_release_recursive
 .text.memcpy   0x0800bc96       0x1c C:/ST/STM32CubeIDE_1.19.0/STM32CubeIDE/plugins/com.st.stm32cube.ide.mcu.externaltools.gnu-tools-for-stm32.13.3.rel1.win32_1.0.0.202411081344/tools/bin/../lib/gcc/arm-none-eabi/13.3.1/../../../../arm-none-eabi/lib/thumb/v7e-m+fp/hard\libc_nano.a(libc_a-memcpy-stub.o)
                0x0800bc96                memcpy
 .text.quorem   0x0800bcb2      0x110 C:/ST/STM32CubeIDE_1.19.0/STM32CubeIDE/plugins/com.st.stm32cube.ide.mcu.externaltools.gnu-tools-for-stm32.13.3.rel1.win32_1.0.0.202411081344/tools/bin/../lib/gcc/arm-none-eabi/13.3.1/../../../../arm-none-eabi/lib/thumb/v7e-m+fp/hard\libc_nano.a(libc_a-dtoa.o)
 *fill*         0x0800bdc2        0x6 
 .text._dtoa_r  0x0800bdc8      0xba0 C:/ST/STM32CubeIDE_1.19.0/STM32CubeIDE/plugins/com.st.stm32cube.ide.mcu.externaltools.gnu-tools-for-stm32.13.3.rel1.win32_1.0.0.202411081344/tools/bin/../lib/gcc/arm-none-eabi/13.3.1/../../../../arm-none-eabi/lib/thumb/v7e-m+fp/hard\libc_nano.a(libc_a-dtoa.o)
                0x0800bdc8                _dtoa_r
 .text._free_r  0x0800c968       0x94 C:/ST/STM32CubeIDE_1.19.0/STM32CubeIDE/plugins/com.st.stm32cube.ide.mcu.externaltools.gnu-tools-for-stm32.13.3.rel1.win32_1.0.0.202411081344/tools/bin/../lib/gcc/arm-none-eabi/13.3.1/../../../../arm-none-eabi/lib/thumb/v7e-m+fp/hard\libc_nano.a(libc_a-freer.o)
                0x0800c968                _free_r
 .text.malloc   0x0800c9fc       0x10 C:/ST/STM32CubeIDE_1.19.0/STM32CubeIDE/plugins/com.st.stm32cube.ide.mcu.externaltools.gnu-tools-for-stm32.13.3.rel1.win32_1.0.0.202411081344/tools/bin/../lib/gcc/arm-none-eabi/13.3.1/../../../../arm-none-eabi/lib/thumb/v7e-m+fp/hard\libc_nano.a(libc_a-malloc.o)
                0x0800c9fc                malloc
 .text.sbrk_aligned
                0x0800ca0c       0x44 C:/ST/STM32CubeIDE_1.19.0/STM32CubeIDE/plugins/com.st.stm32cube.ide.mcu.externaltools.gnu-tools-for-stm32.13.3.rel1.win32_1.0.0.202411081344/tools/bin/../lib/gcc/arm-none-eabi/13.3.1/../../../../arm-none-eabi/lib/thumb/v7e-m+fp/hard\libc_nano.a(libc_a-mallocr.o)
 .text._malloc_r
                0x0800ca50      0x100 C:/ST/STM32CubeIDE_1.19.0/STM32CubeIDE/plugins/com.st.stm32cube.ide.mcu.externaltools.gnu-tools-for-stm32.13.3.rel1.win32_1.0.0.202411081344/tools/bin/../lib/gcc/arm-none-eabi/13.3.1/../../../../arm-none-eabi/lib/thumb/v7e-m+fp/hard\libc_nano.a(libc_a-mallocr.o)
                0x0800ca50                _malloc_r
 .text.__malloc_lock
                0x0800cb50        0xc C:/ST/STM32CubeIDE_1.19.0/STM32CubeIDE/plugins/com.st.stm32cube.ide.mcu.externaltools.gnu-tools-for-stm32.13.3.rel1.win32_1.0.0.202411081344/tools/bin/../lib/gcc/arm-none-eabi/13.3.1/../../../../arm-none-eabi/lib/thumb/v7e-m+fp/hard\libc_nano.a(libc_a-mlock.o)
                0x0800cb50                __malloc_lock
 .text.__malloc_unlock
                0x0800cb5c        0xc C:/ST/STM32CubeIDE_1.19.0/STM32CubeIDE/plugins/com.st.stm32cube.ide.mcu.externaltools.gnu-tools-for-stm32.13.3.rel1.win32_1.0.0.202411081344/tools/bin/../lib/gcc/arm-none-eabi/13.3.1/../../../../arm-none-eabi/lib/thumb/v7e-m+fp/hard\libc_nano.a(libc_a-mlock.o)
                0x0800cb5c                __malloc_unlock
 .text._Balloc  0x0800cb68       0x80 C:/ST/STM32CubeIDE_1.19.0/STM32CubeIDE/plugins/com.st.stm32cube.ide.mcu.externaltools.gnu-tools-for-stm32.13.3.rel1.win32_1.0.0.202411081344/tools/bin/../lib/gcc/arm-none-eabi/13.3.1/../../../../arm-none-eabi/lib/thumb/v7e-m+fp/hard\libc_nano.a(libc_a-mprec.o)
                0x0800cb68                _Balloc
 .text._Bfree   0x0800cbe8       0x44 C:/ST/STM32CubeIDE_1.19.0/STM32CubeIDE/plugins/com.st.stm32cube.ide.mcu.externaltools.gnu-tools-for-stm32.13.3.rel1.win32_1.0.0.202411081344/tools/bin/../lib/gcc/arm-none-eabi/13.3.1/../../../../arm-none-eabi/lib/thumb/v7e-m+fp/hard\libc_nano.a(libc_a-mprec.o)
                0x0800cbe8                _Bfree
 .text.__multadd
                0x0800cc2c       0x8c C:/ST/STM32CubeIDE_1.19.0/STM32CubeIDE/plugins/com.st.stm32cube.ide.mcu.externaltools.gnu-tools-for-stm32.13.3.rel1.win32_1.0.0.202411081344/tools/bin/../lib/gcc/arm-none-eabi/13.3.1/../../../../arm-none-eabi/lib/thumb/v7e-m+fp/hard\libc_nano.a(libc_a-mprec.o)
                0x0800cc2c                __multadd
 .text.__hi0bits
                0x0800ccb8       0x3e C:/ST/STM32CubeIDE_1.19.0/STM32CubeIDE/plugins/com.st.stm32cube.ide.mcu.externaltools.gnu-tools-for-stm32.13.3.rel1.win32_1.0.0.202411081344/tools/bin/../lib/gcc/arm-none-eabi/13.3.1/../../../../arm-none-eabi/lib/thumb/v7e-m+fp/hard\libc_nano.a(libc_a-mprec.o)
                0x0800ccb8                __hi0bits
 .text.__lo0bits
                0x0800ccf6       0x5a C:/ST/STM32CubeIDE_1.19.0/STM32CubeIDE/plugins/com.st.stm32cube.ide.mcu.externaltools.gnu-tools-for-stm32.13.3.rel1.win32_1.0.0.202411081344/tools/bin/../lib/gcc/arm-none-eabi/13.3.1/../../../../arm-none-eabi/lib/thumb/v7e-m+fp/hard\libc_nano.a(libc_a-mprec.o)
                0x0800ccf6                __lo0bits
 .text.__i2b    0x0800cd50       0x2c C:/ST/STM32CubeIDE_1.19.0/STM32CubeIDE/plugins/com.st.stm32cube.ide.mcu.externaltools.gnu-tools-for-stm32.13.3.rel1.win32_1.0.0.202411081344/tools/bin/../lib/gcc/arm-none-eabi/13.3.1/../../../../arm-none-eabi/lib/thumb/v7e-m+fp/hard\libc_nano.a(libc_a-mprec.o)
                0x0800cd50                __i2b
 .text.__multiply
                0x0800cd7c      0x144 C:/ST/STM32CubeIDE_1.19.0/STM32CubeIDE/plugins/com.st.stm32cube.ide.mcu.externaltools.gnu-tools-for-stm32.13.3.rel1.win32_1.0.0.202411081344/tools/bin/../lib/gcc/arm-none-eabi/13.3.1/../../../../arm-none-eabi/lib/thumb/v7e-m+fp/hard\libc_nano.a(libc_a-mprec.o)
                0x0800cd7c                __multiply
 .text.__pow5mult
                0x0800cec0       0xb4 C:/ST/STM32CubeIDE_1.19.0/STM32CubeIDE/plugins/com.st.stm32cube.ide.mcu.externaltools.gnu-tools-for-stm32.13.3.rel1.win32_1.0.0.202411081344/tools/bin/../lib/gcc/arm-none-eabi/13.3.1/../../../../arm-none-eabi/lib/thumb/v7e-m+fp/hard\libc_nano.a(libc_a-mprec.o)
                0x0800cec0                __pow5mult
 .text.__lshift
                0x0800cf74       0xd8 C:/ST/STM32CubeIDE_1.19.0/STM32CubeIDE/plugins/com.st.stm32cube.ide.mcu.externaltools.gnu-tools-for-stm32.13.3.rel1.win32_1.0.0.202411081344/tools/bin/../lib/gcc/arm-none-eabi/13.3.1/../../../../arm-none-eabi/lib/thumb/v7e-m+fp/hard\libc_nano.a(libc_a-mprec.o)
                0x0800cf74                __lshift
 .text.__mcmp   0x0800d04c       0x36 C:/ST/STM32CubeIDE_1.19.0/STM32CubeIDE/plugins/com.st.stm32cube.ide.mcu.externaltools.gnu-tools-for-stm32.13.3.rel1.win32_1.0.0.202411081344/tools/bin/../lib/gcc/arm-none-eabi/13.3.1/../../../../arm-none-eabi/lib/thumb/v7e-m+fp/hard\libc_nano.a(libc_a-mprec.o)
                0x0800d04c                __mcmp
 *fill*         0x0800d082        0x2 
 .text.__mdiff  0x0800d084      0x128 C:/ST/STM32CubeIDE_1.19.0/STM32CubeIDE/plugins/com.st.stm32cube.ide.mcu.externaltools.gnu-tools-for-stm32.13.3.rel1.win32_1.0.0.202411081344/tools/bin/../lib/gcc/arm-none-eabi/13.3.1/../../../../arm-none-eabi/lib/thumb/v7e-m+fp/hard\libc_nano.a(libc_a-mprec.o)
                0x0800d084                __mdiff
 .text.__d2b    0x0800d1ac       0xb0 C:/ST/STM32CubeIDE_1.19.0/STM32CubeIDE/plugins/com.st.stm32cube.ide.mcu.externaltools.gnu-tools-for-stm32.13.3.rel1.win32_1.0.0.202411081344/tools/bin/../lib/gcc/arm-none-eabi/13.3.1/../../../../arm-none-eabi/lib/thumb/v7e-m+fp/hard\libc_nano.a(libc_a-mprec.o)
                0x0800d1ac                __d2b
 .text.__sfputc_r
                0x0800d25c       0x2e C:/ST/STM32CubeIDE_1.19.0/STM32CubeIDE/plugins/com.st.stm32cube.ide.mcu.externaltools.gnu-tools-for-stm32.13.3.rel1.win32_1.0.0.202411081344/tools/bin/../lib/gcc/arm-none-eabi/13.3.1/../../../../arm-none-eabi/lib/thumb/v7e-m+fp/hard\libc_nano.a(libc_a-nano-vfprintf.o)
 .text.__sfputs_r
                0x0800d28a       0x24 C:/ST/STM32CubeIDE_1.19.0/STM32CubeIDE/plugins/com.st.stm32cube.ide.mcu.externaltools.gnu-tools-for-stm32.13.3.rel1.win32_1.0.0.202411081344/tools/bin/../lib/gcc/arm-none-eabi/13.3.1/../../../../arm-none-eabi/lib/thumb/v7e-m+fp/hard\libc_nano.a(libc_a-nano-vfprintf.o)
                0x0800d28a                __sfputs_r
 *fill*         0x0800d2ae        0x2 
 .text._vfprintf_r
                0x0800d2b0      0x230 C:/ST/STM32CubeIDE_1.19.0/STM32CubeIDE/plugins/com.st.stm32cube.ide.mcu.externaltools.gnu-tools-for-stm32.13.3.rel1.win32_1.0.0.202411081344/tools/bin/../lib/gcc/arm-none-eabi/13.3.1/../../../../arm-none-eabi/lib/thumb/v7e-m+fp/hard\libc_nano.a(libc_a-nano-vfprintf.o)
                0x0800d2b0                _vfprintf_r
                0x0800d2b0                _vfiprintf_r
 .text.__sflush_r
                0x0800d4e0      0x108 C:/ST/STM32CubeIDE_1.19.0/STM32CubeIDE/plugins/com.st.stm32cube.ide.mcu.externaltools.gnu-tools-for-stm32.13.3.rel1.win32_1.0.0.202411081344/tools/bin/../lib/gcc/arm-none-eabi/13.3.1/../../../../arm-none-eabi/lib/thumb/v7e-m+fp/hard\libc_nano.a(libc_a-fflush.o)
                0x0800d4e0                __sflush_r
 .text._fflush_r
                0x0800d5e8       0x50 C:/ST/STM32CubeIDE_1.19.0/STM32CubeIDE/plugins/com.st.stm32cube.ide.mcu.externaltools.gnu-tools-for-stm32.13.3.rel1.win32_1.0.0.202411081344/tools/bin/../lib/gcc/arm-none-eabi/13.3.1/../../../../arm-none-eabi/lib/thumb/v7e-m+fp/hard\libc_nano.a(libc_a-fflush.o)
                0x0800d5e8                _fflush_r
 .text.__swhatbuf_r
                0x0800d638       0x4c C:/ST/STM32CubeIDE_1.19.0/STM32CubeIDE/plugins/com.st.stm32cube.ide.mcu.externaltools.gnu-tools-for-stm32.13.3.rel1.win32_1.0.0.202411081344/tools/bin/../lib/gcc/arm-none-eabi/13.3.1/../../../../arm-none-eabi/lib/thumb/v7e-m+fp/hard\libc_nano.a(libc_a-makebuf.o)
                0x0800d638                __swhatbuf_r
 .text.__smakebuf_r
                0x0800d684       0x78 C:/ST/STM32CubeIDE_1.19.0/STM32CubeIDE/plugins/com.st.stm32cube.ide.mcu.externaltools.gnu-tools-for-stm32.13.3.rel1.win32_1.0.0.202411081344/tools/bin/../lib/gcc/arm-none-eabi/13.3.1/../../../../arm-none-eabi/lib/thumb/v7e-m+fp/hard\libc_nano.a(libc_a-makebuf.o)
                0x0800d684                __smakebuf_r
 .text._fstat_r
                0x0800d6fc       0x24 C:/ST/STM32CubeIDE_1.19.0/STM32CubeIDE/plugins/com.st.stm32cube.ide.mcu.externaltools.gnu-tools-for-stm32.13.3.rel1.win32_1.0.0.202411081344/tools/bin/../lib/gcc/arm-none-eabi/13.3.1/../../../../arm-none-eabi/lib/thumb/v7e-m+fp/hard\libc_nano.a(libc_a-fstatr.o)
                0x0800d6fc                _fstat_r
 .text._isatty_r
                0x0800d720       0x20 C:/ST/STM32CubeIDE_1.19.0/STM32CubeIDE/plugins/com.st.stm32cube.ide.mcu.externaltools.gnu-tools-for-stm32.13.3.rel1.win32_1.0.0.202411081344/tools/bin/../lib/gcc/arm-none-eabi/13.3.1/../../../../arm-none-eabi/lib/thumb/v7e-m+fp/hard\libc_nano.a(libc_a-isattyr.o)
                0x0800d720                _isatty_r
 .text._sbrk_r  0x0800d740       0x20 C:/ST/STM32CubeIDE_1.19.0/STM32CubeIDE/plugins/com.st.stm32cube.ide.mcu.externaltools.gnu-tools-for-stm32.13.3.rel1.win32_1.0.0.202411081344/tools/bin/../lib/gcc/arm-none-eabi/13.3.1/../../../../arm-none-eabi/lib/thumb/v7e-m+fp/hard\libc_nano.a(libc_a-sbrkr.o)
                0x0800d740                _sbrk_r
 .text.__assert_func
                0x0800d760       0x3c C:/ST/STM32CubeIDE_1.19.0/STM32CubeIDE/plugins/com.st.stm32cube.ide.mcu.externaltools.gnu-tools-for-stm32.13.3.rel1.win32_1.0.0.202411081344/tools/bin/../lib/gcc/arm-none-eabi/13.3.1/../../../../arm-none-eabi/lib/thumb/v7e-m+fp/hard\libc_nano.a(libc_a-assert.o)
                0x0800d760                __assert_func
 .text._calloc_r
                0x0800d79c       0x28 C:/ST/STM32CubeIDE_1.19.0/STM32CubeIDE/plugins/com.st.stm32cube.ide.mcu.externaltools.gnu-tools-for-stm32.13.3.rel1.win32_1.0.0.202411081344/tools/bin/../lib/gcc/arm-none-eabi/13.3.1/../../../../arm-none-eabi/lib/thumb/v7e-m+fp/hard\libc_nano.a(libc_a-callocr.o)
                0x0800d79c                _calloc_r
 .text.__ascii_mbtowc
                0x0800d7c4       0x24 C:/ST/STM32CubeIDE_1.19.0/STM32CubeIDE/plugins/com.st.stm32cube.ide.mcu.externaltools.gnu-tools-for-stm32.13.3.rel1.win32_1.0.0.202411081344/tools/bin/../lib/gcc/arm-none-eabi/13.3.1/../../../../arm-none-eabi/lib/thumb/v7e-m+fp/hard\libc_nano.a(libc_a-mbtowc_r.o)
                0x0800d7c4                __ascii_mbtowc
 .text.__ascii_wctomb
                0x0800d7e8       0x1a C:/ST/STM32CubeIDE_1.19.0/STM32CubeIDE/plugins/com.st.stm32cube.ide.mcu.externaltools.gnu-tools-for-stm32.13.3.rel1.win32_1.0.0.202411081344/tools/bin/../lib/gcc/arm-none-eabi/13.3.1/../../../../arm-none-eabi/lib/thumb/v7e-m+fp/hard\libc_nano.a(libc_a-wctomb_r.o)
                0x0800d7e8                __ascii_wctomb
 *fill*         0x0800d802        0x2 
 .text.fprintf  0x0800d804       0x24 C:/ST/STM32CubeIDE_1.19.0/STM32CubeIDE/plugins/com.st.stm32cube.ide.mcu.externaltools.gnu-tools-for-stm32.13.3.rel1.win32_1.0.0.202411081344/tools/bin/../lib/gcc/arm-none-eabi/13.3.1/../../../../arm-none-eabi/lib/thumb/v7e-m+fp/hard\libc_nano.a(libc_a-fprintf.o)
                0x0800d804                fiprintf
                0x0800d804                fprintf
 .text.abort    0x0800d828        0xe C:/ST/STM32CubeIDE_1.19.0/STM32CubeIDE/plugins/com.st.stm32cube.ide.mcu.externaltools.gnu-tools-for-stm32.13.3.rel1.win32_1.0.0.202411081344/tools/bin/../lib/gcc/arm-none-eabi/13.3.1/../../../../arm-none-eabi/lib/thumb/v7e-m+fp/hard\libc_nano.a(libc_a-abort.o)
                0x0800d828                abort
 .text._raise_r
                0x0800d836       0x50 C:/ST/STM32CubeIDE_1.19.0/STM32CubeIDE/plugins/com.st.stm32cube.ide.mcu.externaltools.gnu-tools-for-stm32.13.3.rel1.win32_1.0.0.202411081344/tools/bin/../lib/gcc/arm-none-eabi/13.3.1/../../../../arm-none-eabi/lib/thumb/v7e-m+fp/hard\libc_nano.a(libc_a-signal.o)
                0x0800d836                _raise_r
 *fill*         0x0800d886        0x2 
 .text.raise    0x0800d888       0x10 C:/ST/STM32CubeIDE_1.19.0/STM32CubeIDE/plugins/com.st.stm32cube.ide.mcu.externaltools.gnu-tools-for-stm32.13.3.rel1.win32_1.0.0.202411081344/tools/bin/../lib/gcc/arm-none-eabi/13.3.1/../../../../arm-none-eabi/lib/thumb/v7e-m+fp/hard\libc_nano.a(libc_a-signal.o)
                0x0800d888                raise
 .text._kill_r  0x0800d898       0x24 C:/ST/STM32CubeIDE_1.19.0/STM32CubeIDE/plugins/com.st.stm32cube.ide.mcu.externaltools.gnu-tools-for-stm32.13.3.rel1.win32_1.0.0.202411081344/tools/bin/../lib/gcc/arm-none-eabi/13.3.1/../../../../arm-none-eabi/lib/thumb/v7e-m+fp/hard\libc_nano.a(libc_a-signalr.o)
                0x0800d898                _kill_r
 .text._getpid_r
                0x0800d8bc        0x4 C:/ST/STM32CubeIDE_1.19.0/STM32CubeIDE/plugins/com.st.stm32cube.ide.mcu.externaltools.gnu-tools-for-stm32.13.3.rel1.win32_1.0.0.202411081344/tools/bin/../lib/gcc/arm-none-eabi/13.3.1/../../../../arm-none-eabi/lib/thumb/v7e-m+fp/hard\libc_nano.a(libc_a-signalr.o)
                0x0800d8bc                _getpid_r
 *(.glue_7)
 .glue_7        0x0800d8c0        0x0 linker stubs
 *(.glue_7t)
 .glue_7t       0x0800d8c0        0x0 linker stubs
 *(.eh_frame)
 .eh_frame      0x0800d8c0        0x0 C:/ST/STM32CubeIDE_1.19.0/STM32CubeIDE/plugins/com.st.stm32cube.ide.mcu.externaltools.gnu-tools-for-stm32.13.3.rel1.win32_1.0.0.202411081344/tools/bin/../lib/gcc/arm-none-eabi/13.3.1/thumb/v7e-m+fp/hard/crtbegin.o
 *(.init)
 .init          0x0800d8c0        0x4 C:/ST/STM32CubeIDE_1.19.0/STM32CubeIDE/plugins/com.st.stm32cube.ide.mcu.externaltools.gnu-tools-for-stm32.13.3.rel1.win32_1.0.0.202411081344/tools/bin/../lib/gcc/arm-none-eabi/13.3.1/thumb/v7e-m+fp/hard/crti.o
                0x0800d8c0                _init
 .init          0x0800d8c4        0x8 C:/ST/STM32CubeIDE_1.19.0/STM32CubeIDE/plugins/com.st.stm32cube.ide.mcu.externaltools.gnu-tools-for-stm32.13.3.rel1.win32_1.0.0.202411081344/tools/bin/../lib/gcc/arm-none-eabi/13.3.1/thumb/v7e-m+fp/hard/crtn.o
 *(.fini)
 .fini          0x0800d8cc        0x4 C:/ST/STM32CubeIDE_1.19.0/STM32CubeIDE/plugins/com.st.stm32cube.ide.mcu.externaltools.gnu-tools-for-stm32.13.3.rel1.win32_1.0.0.202411081344/tools/bin/../lib/gcc/arm-none-eabi/13.3.1/thumb/v7e-m+fp/hard/crti.o
                0x0800d8cc                _fini
 .fini          0x0800d8d0        0x8 C:/ST/STM32CubeIDE_1.19.0/STM32CubeIDE/plugins/com.st.stm32cube.ide.mcu.externaltools.gnu-tools-for-stm32.13.3.rel1.win32_1.0.0.202411081344/tools/bin/../lib/gcc/arm-none-eabi/13.3.1/thumb/v7e-m+fp/hard/crtn.o
                0x0800d8d8                        . = ALIGN (0x4)
                0x0800d8d8                        _etext = .

.vfp11_veneer   0x0800d8d8        0x0
 .vfp11_veneer  0x0800d8d8        0x0 linker stubs

.v4_bx          0x0800d8d8        0x0
 .v4_bx         0x0800d8d8        0x0 linker stubs

.iplt           0x0800d8d8        0x0
 .iplt          0x0800d8d8        0x0 C:/ST/STM32CubeIDE_1.19.0/STM32CubeIDE/plugins/com.st.stm32cube.ide.mcu.externaltools.gnu-tools-for-stm32.13.3.rel1.win32_1.0.0.202411081344/tools/bin/../lib/gcc/arm-none-eabi/13.3.1/thumb/v7e-m+fp/hard/crtbegin.o

.rodata         0x0800d8d8      0x48c
                0x0800d8d8                        . = ALIGN (0x4)
 *(.rodata)
 .rodata        0x0800d8d8        0x4 ./App/Waveform/uartValueTransmist.o
 .rodata        0x0800d8dc       0x45 ./Core/Src/main.o
 *fill*         0x0800d921        0x3 
 .rodata        0x0800d924        0x5 ./Middlewares/Third_Party/FreeRTOS/Source/tasks.o
 *fill*         0x0800d929        0x3 
 .rodata        0x0800d92c        0xd ./Middlewares/Third_Party/FreeRTOS/Source/timers.o
 *(.rodata*)
 *fill*         0x0800d939        0x3 
 .rodata.enernetTask_attributes
                0x0800d93c       0x24 ./Core/Src/main.o
                0x0800d93c                enernetTask_attributes
 .rodata.uartTransmitTas_attributes
                0x0800d960       0x24 ./Core/Src/main.o
                0x0800d960                uartTransmitTas_attributes
 .rodata.printWaveform_attributes
                0x0800d984       0x24 ./Core/Src/main.o
                0x0800d984                printWaveform_attributes
 .rodata.xWaveformQueue_attributes
                0x0800d9a8       0x18 ./Core/Src/main.o
                0x0800d9a8                xWaveformQueue_attributes
 .rodata.spiMutex_attributes
                0x0800d9c0       0x10 ./Core/Src/main.o
                0x0800d9c0                spiMutex_attributes
 .rodata.AHBPrescTable
                0x0800d9d0       0x10 ./Core/Src/system_stm32f4xx.o
                0x0800d9d0                AHBPrescTable
 .rodata.APBPrescTable
                0x0800d9e0        0x8 ./Core/Src/system_stm32f4xx.o
                0x0800d9e0                APBPrescTable
 .rodata.flagBitshiftOffset.0
                0x0800d9e8        0x8 ./Drivers/STM32F4xx_HAL_Driver/Src/stm32f4xx_hal_dma.o
 .rodata._printf_float.str1.1
                0x0800d9f0      0x171 C:/ST/STM32CubeIDE_1.19.0/STM32CubeIDE/plugins/com.st.stm32cube.ide.mcu.externaltools.gnu-tools-for-stm32.13.3.rel1.win32_1.0.0.202411081344/tools/bin/../lib/gcc/arm-none-eabi/13.3.1/../../../../arm-none-eabi/lib/thumb/v7e-m+fp/hard\libc_nano.a(libc_a-nano-vfprintf_float.o)
                                 0x12 (size before relaxing)
 .rodata._printf_i.str1.1
                0x0800db61       0x22 C:/ST/STM32CubeIDE_1.19.0/STM32CubeIDE/plugins/com.st.stm32cube.ide.mcu.externaltools.gnu-tools-for-stm32.13.3.rel1.win32_1.0.0.202411081344/tools/bin/../lib/gcc/arm-none-eabi/13.3.1/../../../../arm-none-eabi/lib/thumb/v7e-m+fp/hard\libc_nano.a(libc_a-nano-vfprintf_i.o)
 .rodata._dtoa_r.str1.1
                0x0800db61       0x8f C:/ST/STM32CubeIDE_1.19.0/STM32CubeIDE/plugins/com.st.stm32cube.ide.mcu.externaltools.gnu-tools-for-stm32.13.3.rel1.win32_1.0.0.202411081344/tools/bin/../lib/gcc/arm-none-eabi/13.3.1/../../../../arm-none-eabi/lib/thumb/v7e-m+fp/hard\libc_nano.a(libc_a-dtoa.o)
 .rodata._Balloc.str1.1
                0x0800db61       0x70 C:/ST/STM32CubeIDE_1.19.0/STM32CubeIDE/plugins/com.st.stm32cube.ide.mcu.externaltools.gnu-tools-for-stm32.13.3.rel1.win32_1.0.0.202411081344/tools/bin/../lib/gcc/arm-none-eabi/13.3.1/../../../../arm-none-eabi/lib/thumb/v7e-m+fp/hard\libc_nano.a(libc_a-mprec.o)
 .rodata.__multadd.str1.1
                0x0800db61       0x11 C:/ST/STM32CubeIDE_1.19.0/STM32CubeIDE/plugins/com.st.stm32cube.ide.mcu.externaltools.gnu-tools-for-stm32.13.3.rel1.win32_1.0.0.202411081344/tools/bin/../lib/gcc/arm-none-eabi/13.3.1/../../../../arm-none-eabi/lib/thumb/v7e-m+fp/hard\libc_nano.a(libc_a-mprec.o)
 *fill*         0x0800db61        0x3 
 .rodata.p05.0  0x0800db64        0xc C:/ST/STM32CubeIDE_1.19.0/STM32CubeIDE/plugins/com.st.stm32cube.ide.mcu.externaltools.gnu-tools-for-stm32.13.3.rel1.win32_1.0.0.202411081344/tools/bin/../lib/gcc/arm-none-eabi/13.3.1/../../../../arm-none-eabi/lib/thumb/v7e-m+fp/hard\libc_nano.a(libc_a-mprec.o)
 .rodata.__mprec_bigtens
                0x0800db70       0x28 C:/ST/STM32CubeIDE_1.19.0/STM32CubeIDE/plugins/com.st.stm32cube.ide.mcu.externaltools.gnu-tools-for-stm32.13.3.rel1.win32_1.0.0.202411081344/tools/bin/../lib/gcc/arm-none-eabi/13.3.1/../../../../arm-none-eabi/lib/thumb/v7e-m+fp/hard\libc_nano.a(libc_a-mprec.o)
                0x0800db70                __mprec_bigtens
 .rodata.__mprec_tens
                0x0800db98       0xc8 C:/ST/STM32CubeIDE_1.19.0/STM32CubeIDE/plugins/com.st.stm32cube.ide.mcu.externaltools.gnu-tools-for-stm32.13.3.rel1.win32_1.0.0.202411081344/tools/bin/../lib/gcc/arm-none-eabi/13.3.1/../../../../arm-none-eabi/lib/thumb/v7e-m+fp/hard\libc_nano.a(libc_a-mprec.o)
                0x0800db98                __mprec_tens
 .rodata._vfprintf_r.str1.1
                0x0800dc60       0x11 C:/ST/STM32CubeIDE_1.19.0/STM32CubeIDE/plugins/com.st.stm32cube.ide.mcu.externaltools.gnu-tools-for-stm32.13.3.rel1.win32_1.0.0.202411081344/tools/bin/../lib/gcc/arm-none-eabi/13.3.1/../../../../arm-none-eabi/lib/thumb/v7e-m+fp/hard\libc_nano.a(libc_a-nano-vfprintf.o)
 .rodata._setlocale_r.str1.1
                0x0800dc60        0x9 C:/ST/STM32CubeIDE_1.19.0/STM32CubeIDE/plugins/com.st.stm32cube.ide.mcu.externaltools.gnu-tools-for-stm32.13.3.rel1.win32_1.0.0.202411081344/tools/bin/../lib/gcc/arm-none-eabi/13.3.1/../../../../arm-none-eabi/lib/thumb/v7e-m+fp/hard\libc_nano.a(libc_a-locale.o)
 .rodata.str1.1
                0x0800dc60        0x2 C:/ST/STM32CubeIDE_1.19.0/STM32CubeIDE/plugins/com.st.stm32cube.ide.mcu.externaltools.gnu-tools-for-stm32.13.3.rel1.win32_1.0.0.202411081344/tools/bin/../lib/gcc/arm-none-eabi/13.3.1/../../../../arm-none-eabi/lib/thumb/v7e-m+fp/hard\libc_nano.a(libc_a-locale.o)
 .rodata.__assert_func.str1.1
                0x0800dc60       0x3d C:/ST/STM32CubeIDE_1.19.0/STM32CubeIDE/plugins/com.st.stm32cube.ide.mcu.externaltools.gnu-tools-for-stm32.13.3.rel1.win32_1.0.0.202411081344/tools/bin/../lib/gcc/arm-none-eabi/13.3.1/../../../../arm-none-eabi/lib/thumb/v7e-m+fp/hard\libc_nano.a(libc_a-assert.o)
 .rodata._ctype_
                0x0800dc60      0x101 C:/ST/STM32CubeIDE_1.19.0/STM32CubeIDE/plugins/com.st.stm32cube.ide.mcu.externaltools.gnu-tools-for-stm32.13.3.rel1.win32_1.0.0.202411081344/tools/bin/../lib/gcc/arm-none-eabi/13.3.1/../../../../arm-none-eabi/lib/thumb/v7e-m+fp/hard\libc_nano.a(libc_a-ctype_.o)
                0x0800dc60                _ctype_
                0x0800dd64                        . = ALIGN (0x4)
 *fill*         0x0800dd61        0x3 

.ARM.extab      0x0800dd64        0x0
                0x0800dd64                        . = ALIGN (0x4)
 *(.ARM.extab* .gnu.linkonce.armextab.*)
                0x0800dd64                        . = ALIGN (0x4)

.ARM            0x0800dd64        0x8
                0x0800dd64                        . = ALIGN (0x4)
                0x0800dd64                        __exidx_start = .
 *(.ARM.exidx*)
 .ARM.exidx     0x0800dd64        0x8 C:/ST/STM32CubeIDE_1.19.0/STM32CubeIDE/plugins/com.st.stm32cube.ide.mcu.externaltools.gnu-tools-for-stm32.13.3.rel1.win32_1.0.0.202411081344/tools/bin/../lib/gcc/arm-none-eabi/13.3.1/../../../../arm-none-eabi/lib/thumb/v7e-m+fp/hard\libc_nano.a(libc_a-memchr.o)
 .ARM.exidx     0x0800dd6c        0x0 C:/ST/STM32CubeIDE_1.19.0/STM32CubeIDE/plugins/com.st.stm32cube.ide.mcu.externaltools.gnu-tools-for-stm32.13.3.rel1.win32_1.0.0.202411081344/tools/bin/../lib/gcc/arm-none-eabi/13.3.1/../../../../arm-none-eabi/lib/thumb/v7e-m+fp/hard\libc_nano.a(libc_a-strlen.o)
                                  0x8 (size before relaxing)
 .ARM.exidx     0x0800dd6c        0x0 C:/ST/STM32CubeIDE_1.19.0/STM32CubeIDE/plugins/com.st.stm32cube.ide.mcu.externaltools.gnu-tools-for-stm32.13.3.rel1.win32_1.0.0.202411081344/tools/bin/../lib/gcc/arm-none-eabi/13.3.1/thumb/v7e-m+fp/hard\libgcc.a(_udivmoddi4.o)
                                  0x8 (size before relaxing)
                0x0800dd6c                        __exidx_end = .
                0x0800dd6c                        . = ALIGN (0x4)

.preinit_array  0x0800dd6c        0x0
                0x0800dd6c                        . = ALIGN (0x4)
                0x0800dd6c                        PROVIDE (__preinit_array_start = .)
 *(.preinit_array*)
                0x0800dd6c                        PROVIDE (__preinit_array_end = .)
                0x0800dd6c                        . = ALIGN (0x4)

.init_array     0x0800dd6c        0x4