../App/Waveform/waveform.c:28:13:Waveform_Extract_Send	4	static
../App/Waveform/waveform.c:45:6:Waveform_Main	16	static
../App/Waveform/waveform.c:81:10:Analise_Interrupcao	24	static
../App/Waveform/waveform.c:109:6:Init_WFB	8	static
../App/Waveform/waveform.c:122:6:Restart_WFB	8	static
../App/Waveform/waveform.c:131:6:Waveform_Process_Chunk_Print	24	static
../App/Waveform/waveform.c:236:6:Get_Print_Buffer_Snapshot	16	static
../App/Waveform/waveform.c:253:6:Reset_Internal_State	8	static
../App/Waveform/waveform.c:271:6:HAL_GPIO_EXTI_Callback	16	static
../App/Waveform/waveform.c:292:6:HAL_SPI_TxRxHalfCpltCallback	16	static
../App/Waveform/waveform.c:301:6:HAL_SPI_TxRxCpltCallback	16	static
../App/Waveform/waveform.c:318:6:mainPrint_Waveform	40	static
